Archive member included to satisfy reference by file (symbol)

/opt/st/stm32cubeide_1.15.1/plugins/com.st.stm32cube.ide.mcu.externaltools.gnu-tools-for-stm32.12.3.rel1.linux64_1.0.100.202403111256/tools/bin/../lib/gcc/arm-none-eabi/12.3.1/../../../../arm-none-eabi/lib/thumb/v7-m/nofp/libstdc++_nano.a(del_ops.o)
                              ./Core/Hitcon/App/BadUsbApp.o (operator delete(void*, unsigned int))
/opt/st/stm32cubeide_1.15.1/plugins/com.st.stm32cube.ide.mcu.externaltools.gnu-tools-for-stm32.12.3.rel1.linux64_1.0.100.202403111256/tools/bin/../lib/gcc/arm-none-eabi/12.3.1/../../../../arm-none-eabi/lib/thumb/v7-m/nofp/libstdc++_nano.a(del_op.o)
                              /opt/st/stm32cubeide_1.15.1/plugins/com.st.stm32cube.ide.mcu.externaltools.gnu-tools-for-stm32.12.3.rel1.linux64_1.0.100.202403111256/tools/bin/../lib/gcc/arm-none-eabi/12.3.1/../../../../arm-none-eabi/lib/thumb/v7-m/nofp/libstdc++_nano.a(del_ops.o) (operator delete(void*))
/opt/st/stm32cubeide_1.15.1/plugins/com.st.stm32cube.ide.mcu.externaltools.gnu-tools-for-stm32.12.3.rel1.linux64_1.0.100.202403111256/tools/bin/../lib/gcc/arm-none-eabi/12.3.1/../../../../arm-none-eabi/lib/thumb/v7-m/nofp/libc_nano.a(libc_a-exit.o)
                              /opt/st/stm32cubeide_1.15.1/plugins/com.st.stm32cube.ide.mcu.externaltools.gnu-tools-for-stm32.12.3.rel1.linux64_1.0.100.202403111256/tools/bin/../lib/gcc/arm-none-eabi/12.3.1/../../../../arm-none-eabi/lib/thumb/v7-m/nofp/crt0.o (exit)
/opt/st/stm32cubeide_1.15.1/plugins/com.st.stm32cube.ide.mcu.externaltools.gnu-tools-for-stm32.12.3.rel1.linux64_1.0.100.202403111256/tools/bin/../lib/gcc/arm-none-eabi/12.3.1/../../../../arm-none-eabi/lib/thumb/v7-m/nofp/libc_nano.a(libc_a-malloc.o)
                              /opt/st/stm32cubeide_1.15.1/plugins/com.st.stm32cube.ide.mcu.externaltools.gnu-tools-for-stm32.12.3.rel1.linux64_1.0.100.202403111256/tools/bin/../lib/gcc/arm-none-eabi/12.3.1/../../../../arm-none-eabi/lib/thumb/v7-m/nofp/libstdc++_nano.a(del_op.o) (free)
/opt/st/stm32cubeide_1.15.1/plugins/com.st.stm32cube.ide.mcu.externaltools.gnu-tools-for-stm32.12.3.rel1.linux64_1.0.100.202403111256/tools/bin/../lib/gcc/arm-none-eabi/12.3.1/../../../../arm-none-eabi/lib/thumb/v7-m/nofp/libc_nano.a(libc_a-mallocr.o)
                              /opt/st/stm32cubeide_1.15.1/plugins/com.st.stm32cube.ide.mcu.externaltools.gnu-tools-for-stm32.12.3.rel1.linux64_1.0.100.202403111256/tools/bin/../lib/gcc/arm-none-eabi/12.3.1/../../../../arm-none-eabi/lib/thumb/v7-m/nofp/libc_nano.a(libc_a-malloc.o) (_malloc_r)
/opt/st/stm32cubeide_1.15.1/plugins/com.st.stm32cube.ide.mcu.externaltools.gnu-tools-for-stm32.12.3.rel1.linux64_1.0.100.202403111256/tools/bin/../lib/gcc/arm-none-eabi/12.3.1/../../../../arm-none-eabi/lib/thumb/v7-m/nofp/libc_nano.a(libc_a-mlock.o)
                              /opt/st/stm32cubeide_1.15.1/plugins/com.st.stm32cube.ide.mcu.externaltools.gnu-tools-for-stm32.12.3.rel1.linux64_1.0.100.202403111256/tools/bin/../lib/gcc/arm-none-eabi/12.3.1/../../../../arm-none-eabi/lib/thumb/v7-m/nofp/libc_nano.a(libc_a-mallocr.o) (__malloc_lock)
/opt/st/stm32cubeide_1.15.1/plugins/com.st.stm32cube.ide.mcu.externaltools.gnu-tools-for-stm32.12.3.rel1.linux64_1.0.100.202403111256/tools/bin/../lib/gcc/arm-none-eabi/12.3.1/../../../../arm-none-eabi/lib/thumb/v7-m/nofp/libc_nano.a(libc_a-findfp.o)
                              /opt/st/stm32cubeide_1.15.1/plugins/com.st.stm32cube.ide.mcu.externaltools.gnu-tools-for-stm32.12.3.rel1.linux64_1.0.100.202403111256/tools/bin/../lib/gcc/arm-none-eabi/12.3.1/../../../../arm-none-eabi/lib/thumb/v7-m/nofp/libc_nano.a(libc_a-exit.o) (__stdio_exit_handler)
/opt/st/stm32cubeide_1.15.1/plugins/com.st.stm32cube.ide.mcu.externaltools.gnu-tools-for-stm32.12.3.rel1.linux64_1.0.100.202403111256/tools/bin/../lib/gcc/arm-none-eabi/12.3.1/../../../../arm-none-eabi/lib/thumb/v7-m/nofp/libc_nano.a(libc_a-fwalk.o)
                              /opt/st/stm32cubeide_1.15.1/plugins/com.st.stm32cube.ide.mcu.externaltools.gnu-tools-for-stm32.12.3.rel1.linux64_1.0.100.202403111256/tools/bin/../lib/gcc/arm-none-eabi/12.3.1/../../../../arm-none-eabi/lib/thumb/v7-m/nofp/libc_nano.a(libc_a-findfp.o) (_fwalk_sglue)
/opt/st/stm32cubeide_1.15.1/plugins/com.st.stm32cube.ide.mcu.externaltools.gnu-tools-for-stm32.12.3.rel1.linux64_1.0.100.202403111256/tools/bin/../lib/gcc/arm-none-eabi/12.3.1/../../../../arm-none-eabi/lib/thumb/v7-m/nofp/libc_nano.a(libc_a-stdio.o)
                              /opt/st/stm32cubeide_1.15.1/plugins/com.st.stm32cube.ide.mcu.externaltools.gnu-tools-for-stm32.12.3.rel1.linux64_1.0.100.202403111256/tools/bin/../lib/gcc/arm-none-eabi/12.3.1/../../../../arm-none-eabi/lib/thumb/v7-m/nofp/libc_nano.a(libc_a-findfp.o) (__sread)
[...]
Memory Configuration

Name             Origin             Length             Attributes
RAM              0x20000000         0x00005000         xrw
FLASH            0x08000000         0x00020000         xr
*default*        0x00000000         0xffffffff

Linker script and memory map

LOAD /opt/st/stm32cubeide_1.15.1/plugins/com.st.stm32cube.ide.mcu.externaltools.gnu-tools-for-stm32.12.3.rel1.linux64_1.0.100.202403111256/tools/bin/../lib/gcc/arm-none-eabi/12.3.1/thumb/v7-m/nofp/crti.o
LOAD /opt/st/stm32cubeide_1.15.1/plugins/com.st.stm32cube.ide.mcu.externaltools.gnu-tools-for-stm32.12.3.rel1.linux64_1.0.100.202403111256/tools/bin/../lib/gcc/arm-none-eabi/12.3.1/thumb/v7-m/nofp/crtbegin.o
LOAD /opt/st/stm32cubeide_1.15.1/plugins/com.st.stm32cube.ide.mcu.externaltools.gnu-tools-for-stm32.12.3.rel1.linux64_1.0.100.202403111256/tools/bin/../lib/gcc/arm-none-eabi/12.3.1/../../../../arm-none-eabi/lib/thumb/v7-m/nofp/crt0.o
LOAD ./Core/Hitcon/App/BadUsbApp.o
LOAD ./Core/Hitcon/App/BouncingDVDApp.o
LOAD ./Core/Hitcon/App/ConnectMenuApp.o
LOAD ./Core/Hitcon/App/DebugApp.o
LOAD ./Core/Hitcon/App/DinoApp.o
LOAD ./Core/Hitcon/App/EditNameApp.o
LOAD ./Core/Hitcon/App/HardwareTestApp.o
LOAD ./Core/Hitcon/App/IrForceRetxApp.o
LOAD ./Core/Hitcon/App/MainMenuApp.o
LOAD ./Core/Hitcon/App/MenuApp.o
LOAD ./Core/Hitcon/App/MultiplayerGame.o
LOAD ./Core/Hitcon/App/NameDisplayApp.o
LOAD ./Core/Hitcon/App/NameSettingApp.o
LOAD ./Core/Hitcon/App/ScoreHistApp.o
LOAD ./Core/Hitcon/App/ShowIdApp.o
LOAD ./Core/Hitcon/App/ShowNameApp.o
LOAD ./Core/Hitcon/App/ShowScoreApp.o
LOAD ./Core/Hitcon/App/SnakeApp.o
LOAD ./Core/Hitcon/App/SponsorResp.o
LOAD ./Core/Hitcon/App/TamaApp.o
LOAD ./Core/Hitcon/App/TetrisApp.o
LOAD ./Core/Hitcon/App/TetrisGame.o
LOAD ./Core/Hitcon/App/UsbMenuApp.o
LOAD ./Core/Hitcon/App/test-bouncing.o
LOAD ./Core/Hitcon/App/test-tetris.o
LOAD ./Core/Hitcon/Hitcon.o
LOAD ./Core/Hitcon/Logic/BadgeController.o
LOAD ./Core/Hitcon/Logic/ButtonLogic.o
LOAD ./Core/Hitcon/Logic/DisplayLogic.o
LOAD ./Core/Hitcon/Logic/EcLogic.o
LOAD ./Core/Hitcon/Logic/EntropyHub.o
LOAD ./Core/Hitcon/Logic/GameController.o
LOAD ./Core/Hitcon/Logic/GameScore.o
LOAD ./Core/Hitcon/Logic/ImuLogic.o
LOAD ./Core/Hitcon/Logic/IrController.o
LOAD ./Core/Hitcon/Logic/IrLogic.o
LOAD ./Core/Hitcon/Logic/IrxbBridge.o
LOAD ./Core/Hitcon/Logic/NvStorage.o
LOAD ./Core/Hitcon/Logic/RandomPool.o
LOAD ./Core/Hitcon/Logic/SponsorReq.o
LOAD ./Core/Hitcon/Logic/UsbLogic.o
LOAD ./Core/Hitcon/Logic/XBoardLogic.o
LOAD ./Core/Hitcon/Logic/crc32.o
LOAD ./Core/Hitcon/Logic/keccak.o
LOAD ./Core/Hitcon/Logic/test-game.o
LOAD ./Core/Hitcon/Logic/test_keccak.o
LOAD ./Core/Hitcon/Logic/Display/display.o
LOAD ./Core/Hitcon/Logic/Display/editor.o
LOAD ./Core/Hitcon/Logic/Display/test-display.o
LOAD ./Core/Hitcon/Logic/Display/test-editor.o
LOAD ./Core/Hitcon/Service/ButtonService.o
LOAD ./Core/Hitcon/Service/DisplayService.o
LOAD ./Core/Hitcon/Service/FlashService.o
LOAD ./Core/Hitcon/Service/HashService.o
LOAD ./Core/Hitcon/Service/ImuService.o
LOAD ./Core/Hitcon/Service/IrService.o
LOAD ./Core/Hitcon/Service/NoiseSource.o
LOAD ./Core/Hitcon/Service/PerBoardData.o
LOAD ./Core/Hitcon/Service/SignedPacketService.o
LOAD ./Core/Hitcon/Service/Suspender.o
LOAD ./Core/Hitcon/Service/UsbService.o
LOAD ./Core/Hitcon/Service/XBoardService.o
LOAD ./Core/Hitcon/Service/Sched/Checks.o
LOAD ./Core/Hitcon/Service/Sched/DelayedTask.o
LOAD ./Core/Hitcon/Service/Sched/PeriodicTask.o
LOAD ./Core/Hitcon/Service/Sched/Scheduler.o
LOAD ./Core/Hitcon/Service/Sched/SysTimer.o
LOAD ./Core/Hitcon/Service/Sched/Task.o
LOAD ./Core/Hitcon/Util/CircularQueue.o
LOAD ./Core/Hitcon/Util/CircularQueueTest.o
LOAD ./Core/Hitcon/Util/uint_to_str.o
LOAD ./Core/Src/adc.o
LOAD ./Core/Src/crc.o
LOAD ./Core/Src/dma.o
LOAD ./Core/Src/gpio.o
LOAD ./Core/Src/i2c.o
LOAD ./Core/Src/main.o
LOAD ./Core/Src/stm32f1xx_hal_msp.o
LOAD ./Core/Src/stm32f1xx_it.o
LOAD ./Core/Src/syscalls.o
LOAD ./Core/Src/sysmem.o
LOAD ./Core/Src/system_stm32f1xx.o
LOAD ./Core/Src/tim.o
LOAD ./Core/Src/usart.o
LOAD ./Core/Src/usb.o
LOAD ./Core/Startup/startup_stm32f103c8tx.o
LOAD ./Drivers/STM32F1xx_HAL_Driver/Src/stm32f1xx_hal.o
LOAD ./Drivers/STM32F1xx_HAL_Driver/Src/stm32f1xx_hal_adc.o
LOAD ./Drivers/STM32F1xx_HAL_Driver/Src/stm32f1xx_hal_adc_ex.o
LOAD ./Drivers/STM32F1xx_HAL_Driver/Src/stm32f1xx_hal_cortex.o
LOAD ./Drivers/STM32F1xx_HAL_Driver/Src/stm32f1xx_hal_crc.o
LOAD ./Drivers/STM32F1xx_HAL_Driver/Src/stm32f1xx_hal_dma.o
LOAD ./Drivers/STM32F1xx_HAL_Driver/Src/stm32f1xx_hal_exti.o
LOAD ./Drivers/STM32F1xx_HAL_Driver/Src/stm32f1xx_hal_flash.o
LOAD ./Drivers/STM32F1xx_HAL_Driver/Src/stm32f1xx_hal_flash_ex.o
LOAD ./Drivers/STM32F1xx_HAL_Driver/Src/stm32f1xx_hal_gpio.o
LOAD ./Drivers/STM32F1xx_HAL_Driver/Src/stm32f1xx_hal_gpio_ex.o
LOAD ./Drivers/STM32F1xx_HAL_Driver/Src/stm32f1xx_hal_i2c.o
LOAD ./Drivers/STM32F1xx_HAL_Driver/Src/stm32f1xx_hal_pcd.o
LOAD ./Drivers/STM32F1xx_HAL_Driver/Src/stm32f1xx_hal_pcd_ex.o
LOAD ./Drivers/STM32F1xx_HAL_Driver/Src/stm32f1xx_hal_pwr.o
LOAD ./Drivers/STM32F1xx_HAL_Driver/Src/stm32f1xx_hal_rcc.o
LOAD ./Drivers/STM32F1xx_HAL_Driver/Src/stm32f1xx_hal_rcc_ex.o
LOAD ./Drivers/STM32F1xx_HAL_Driver/Src/stm32f1xx_hal_tim.o
LOAD ./Drivers/STM32F1xx_HAL_Driver/Src/stm32f1xx_hal_tim_ex.o
LOAD ./Drivers/STM32F1xx_HAL_Driver/Src/stm32f1xx_hal_uart.o
LOAD ./Drivers/STM32F1xx_HAL_Driver/Src/stm32f1xx_ll_usb.o
LOAD ./Middlewares/ST/STM32_USB_Device_Library/Class/CustomHID/Src/usbd_customhid.o
LOAD ./Middlewares/ST/STM32_USB_Device_Library/Core/Src/usbd_core.o
LOAD ./Middlewares/ST/STM32_USB_Device_Library/Core/Src/usbd_ctlreq.o
LOAD ./Middlewares/ST/STM32_USB_Device_Library/Core/Src/usbd_ioreq.o
LOAD ./USB_DEVICE/App/usb_device.o
LOAD ./USB_DEVICE/App/usbd_custom_hid_if.o
LOAD ./USB_DEVICE/App/usbd_desc.o
LOAD ./USB_DEVICE/Target/usbd_conf.o
START GROUP
LOAD /opt/st/stm32cubeide_1.15.1/plugins/com.st.stm32cube.ide.mcu.externaltools.gnu-tools-for-stm32.12.3.rel1.linux64_1.0.100.202403111256/tools/bin/../lib/gcc/arm-none-eabi/12.3.1/../../../../arm-none-eabi/lib/thumb/v7-m/nofp/libstdc++_nano.a
LOAD /opt/st/stm32cubeide_1.15.1/plugins/com.st.stm32cube.ide.mcu.externaltools.gnu-tools-for-stm32.12.3.rel1.linux64_1.0.100.202403111256/tools/bin/../lib/gcc/arm-none-eabi/12.3.1/../../../../arm-none-eabi/lib/thumb/v7-m/nofp/libsupc++_nano.a
END GROUP
LOAD /opt/st/stm32cubeide_1.15.1/plugins/com.st.stm32cube.ide.mcu.externaltools.gnu-tools-for-stm32.12.3.rel1.linux64_1.0.100.202403111256/tools/bin/../lib/gcc/arm-none-eabi/12.3.1/../../../../arm-none-eabi/lib/thumb/v7-m/nofp/libstdc++_nano.a
LOAD /opt/st/stm32cubeide_1.15.1/plugins/com.st.stm32cube.ide.mcu.externaltools.gnu-tools-for-stm32.12.3.rel1.linux64_1.0.100.202403111256/tools/bin/../lib/gcc/arm-none-eabi/12.3.1/../../../../arm-none-eabi/lib/thumb/v7-m/nofp/libm.a
LOAD /opt/st/stm32cubeide_1.15.1/plugins/com.st.stm32cube.ide.mcu.externaltools.gnu-tools-for-stm32.12.3.rel1.linux64_1.0.100.202403111256/tools/bin/../lib/gcc/arm-none-eabi/12.3.1/../../../../arm-none-eabi/lib/thumb/v7-m/nofp/libc_nano.a
START GROUP
LOAD /opt/st/stm32cubeide_1.15.1/plugins/com.st.stm32cube.ide.mcu.externaltools.gnu-tools-for-stm32.12.3.rel1.linux64_1.0.100.202403111256/tools/bin/../lib/gcc/arm-none-eabi/12.3.1/thumb/v7-m/nofp/libgcc.a
LOAD /opt/st/stm32cubeide_1.15.1/plugins/com.st.stm32cube.ide.mcu.externaltools.gnu-tools-for-stm32.12.3.rel1.linux64_1.0.100.202403111256/tools/bin/../lib/gcc/arm-none-eabi/12.3.1/../../../../arm-none-eabi/lib/thumb/v7-m/nofp/libc_nano.a
END GROUP
START GROUP
LOAD /opt/st/stm32cubeide_1.15.1/plugins/com.st.stm32cube.ide.mcu.externaltools.gnu-tools-for-stm32.12.3.rel1.linux64_1.0.100.202403111256/tools/bin/../lib/gcc/arm-none-eabi/12.3.1/thumb/v7-m/nofp/libgcc.a
LOAD /opt/st/stm32cubeide_1.15.1/plugins/com.st.stm32cube.ide.mcu.externaltools.gnu-tools-for-stm32.12.3.rel1.linux64_1.0.100.202403111256/tools/bin/../lib/gcc/arm-none-eabi/12.3.1/../../../../arm-none-eabi/lib/thumb/v7-m/nofp/libc_nano.a
LOAD /opt/st/stm32cubeide_1.15.1/plugins/com.st.stm32cube.ide.mcu.externaltools.gnu-tools-for-stm32.12.3.rel1.linux64_1.0.100.202403111256/tools/bin/../lib/gcc/arm-none-eabi/12.3.1/../../../../arm-none-eabi/lib/thumb/v7-m/nofp/libnosys.a
END GROUP
START GROUP
LOAD /opt/st/stm32cubeide_1.15.1/plugins/com.st.stm32cube.ide.mcu.externaltools.gnu-tools-for-stm32.12.3.rel1.linux64_1.0.100.202403111256/tools/bin/../lib/gcc/arm-none-eabi/12.3.1/thumb/v7-m/nofp/libgcc.a
LOAD /opt/st/stm32cubeide_1.15.1/plugins/com.st.stm32cube.ide.mcu.externaltools.gnu-tools-for-stm32.12.3.rel1.linux64_1.0.100.202403111256/tools/bin/../lib/gcc/arm-none-eabi/12.3.1/../../../../arm-none-eabi/lib/thumb/v7-m/nofp/libc_nano.a
LOAD /opt/st/stm32cubeide_1.15.1/plugins/com.st.stm32cube.ide.mcu.externaltools.gnu-tools-for-stm32.12.3.rel1.linux64_1.0.100.202403111256/tools/bin/../lib/gcc/arm-none-eabi/12.3.1/../../../../arm-none-eabi/lib/thumb/v7-m/nofp/libnosys.a
END GROUP
LOAD /opt/st/stm32cubeide_1.15.1/plugins/com.st.stm32cube.ide.mcu.externaltools.gnu-tools-for-stm32.12.3.rel1.linux64_1.0.100.202403111256/tools/bin/../lib/gcc/arm-none-eabi/12.3.1/thumb/v7-m/nofp/crtend.o
LOAD /opt/st/stm32cubeide_1.15.1/plugins/com.st.stm32cube.ide.mcu.externaltools.gnu-tools-for-stm32.12.3.rel1.linux64_1.0.100.202403111256/tools/bin/../lib/gcc/arm-none-eabi/12.3.1/thumb/v7-m/nofp/crtn.o
                0x20005000                        _estack = (ORIGIN (RAM) + LENGTH (RAM))
                0x00000200                        _Min_Heap_Size = 0x200
                0x00000400                        _Min_Stack_Size = 0x400

.isr_vector     0x08000000      0x10c
                0x08000000                        . = ALIGN (0x4)
 *(.isr_vector)
 .isr_vector    0x08000000      0x10c ./Core/Startup/startup_stm32f103c8tx.o
                0x08000000                g_pfnVectors
                0x0800010c                        . = ALIGN (0x4)

.text           0x08000110    0x143c8
                0x08000110                        . = ALIGN (0x4)
 *(.text)
 .text          0x08000110       0x40 /opt/st/stm32cubeide_1.15.1/plugins/com.st.stm32cube.ide.mcu.externaltools.gnu-tools-for-stm32.12.3.rel1.linux64_1.0.100.202403111256/tools/bin/../lib/gcc/arm-none-eabi/12.3.1/thumb/v7-m/nofp/crtbegin.o
 .text          0x08000150       0x10 /opt/st/stm32cubeide_1.15.1/plugins/com.st.stm32cube.ide.mcu.externaltools.gnu-tools-for-stm32.12.3.rel1.linux64_1.0.100.202403111256/tools/bin/../lib/gcc/arm-none-eabi/12.3.1/../../../../arm-none-eabi/lib/thumb/v7-m/nofp/libc_nano.a(libc_a-strlen.o)
                0x08000150                strlen
 .text          0x08000160      0x168 /opt/st/stm32cubeide_1.15.1/plugins/com.st.stm32cube.ide.mcu.externaltools.gnu-tools-for-stm32.12.3.rel1.linux64_1.0.100.202403111256/tools/bin/../lib/gcc/arm-none-eabi/12.3.1/thumb/v7-m/nofp/libgcc.a(_arm_mulsf3.o)
                0x08000160                __mulsf3
                0x08000160                __aeabi_fmul
 .text          0x080002c8      0x378 /opt/st/stm32cubeide_1.15.1/plugins/com.st.stm32cube.ide.mcu.externaltools.gnu-tools-for-stm32.12.3.rel1.linux64_1.0.100.202403111256/tools/bin/../lib/gcc/arm-none-eabi/12.3.1/thumb/v7-m/nofp/libgcc.a(_arm_addsubdf3.o)
                0x080002c8                __aeabi_drsub
                0x080002d0                __aeabi_dsub
                0x080002d0                __subdf3
                0x080002d4                __adddf3
                0x080002d4                __aeabi_dadd
                0x0800054c                __aeabi_ui2d
                0x0800054c                __floatunsidf
                0x0800056c                __floatsidf
                0x0800056c                __aeabi_i2d
                0x08000590                __extendsfdf2
                0x08000590                __aeabi_f2d
                0x080005d4                __aeabi_ul2d
                0x080005d4                __floatundidf
                0x080005e4                __floatdidf
                0x080005e4                __aeabi_l2d
 .text          0x08000640      0x424 /opt/st/stm32cubeide_1.15.1/plugins/com.st.stm32cube.ide.mcu.externaltools.gnu-tools-for-stm32.12.3.rel1.linux64_1.0.100.202403111256/tools/bin/../lib/gcc/arm-none-eabi/12.3.1/thumb/v7-m/nofp/libgcc.a(_arm_muldivdf3.o)
                0x08000640                __aeabi_dmul
                0x08000640                __muldf3
                0x08000894                __aeabi_ddiv
                0x08000894                __divdf3
 .text          0x08000a64       0x40 /opt/st/stm32cubeide_1.15.1/plugins/com.st.stm32cube.ide.mcu.externaltools.gnu-tools-for-stm32.12.3.rel1.linux64_1.0.100.202403111256/tools/bin/../lib/gcc/arm-none-eabi/12.3.1/thumb/v7-m/nofp/libgcc.a(_arm_fixunsdfsi.o)
                0x08000a64                __fixunsdfsi
                0x08000a64                __aeabi_d2uiz
 .text          0x08000aa4      0x21c /opt/st/stm32cubeide_1.15.1/plugins/com.st.stm32cube.ide.mcu.externaltools.gnu-tools-for-stm32.12.3.rel1.linux64_1.0.100.202403111256/tools/bin/../lib/gcc/arm-none-eabi/12.3.1/thumb/v7-m/nofp/libgcc.a(_arm_addsubsf3.o)
                0x08000aa4                __aeabi_frsub
                0x08000aac                __subsf3
                0x08000aac                __aeabi_fsub
                0x08000ab0                __aeabi_fadd
                0x08000ab0                __addsf3
                0x08000c10                __aeabi_ui2f
                0x08000c10                __floatunsisf
                0x08000c18                __aeabi_i2f
                0x08000c18                __floatsisf
                0x08000c34                __floatundisf
                0x08000c34                __aeabi_ul2f
                0x08000c44                __floatdisf
                0x08000c44                __aeabi_l2f
 .text          0x08000cc0       0xec /opt/st/stm32cubeide_1.15.1/plugins/com.st.stm32cube.ide.mcu.externaltools.gnu-tools-for-stm32.12.3.rel1.linux64_1.0.100.202403111256/tools/bin/../lib/gcc/arm-none-eabi/12.3.1/thumb/v7-m/nofp/libgcc.a(_arm_cmpsf2.o)
                0x08000cc0                __gtsf2
                0x08000cc0                __gesf2
                0x08000cc8                __lesf2
                0x08000cc8                __ltsf2
                0x08000cd0                __nesf2
                0x08000cd0                __eqsf2
                0x08000cd0                __cmpsf2
                0x08000d30                __aeabi_cfrcmple
                0x08000d38                __aeabi_cfcmple
                0x08000d38                __aeabi_cfcmpeq
                0x08000d48                __aeabi_fcmpeq
                0x08000d5c                __aeabi_fcmplt
                0x08000d70                __aeabi_fcmple
                0x08000d84                __aeabi_fcmpge
                0x08000d98                __aeabi_fcmpgt
 .text          0x08000dac       0x30 /opt/st/stm32cubeide_1.15.1/plugins/com.st.stm32cube.ide.mcu.externaltools.gnu-tools-for-stm32.12.3.rel1.linux64_1.0.100.202403111256/tools/bin/../lib/gcc/arm-none-eabi/12.3.1/thumb/v7-m/nofp/libgcc.a(_aeabi_uldivmod.o)
                0x08000dac                __aeabi_uldivmod
 .text          0x08000ddc       0x28 /opt/st/stm32cubeide_1.15.1/plugins/com.st.stm32cube.ide.mcu.externaltools.gnu-tools-for-stm32.12.3.rel1.linux64_1.0.100.202403111256/tools/bin/../lib/gcc/arm-none-eabi/12.3.1/thumb/v7-m/nofp/libgcc.a(_popcountsi2.o)
                0x08000ddc                __popcountsi2
 .text          0x08000e04      0x2b8 /opt/st/stm32cubeide_1.15.1/plugins/com.st.stm32cube.ide.mcu.externaltools.gnu-tools-for-stm32.12.3.rel1.linux64_1.0.100.202403111256/tools/bin/../lib/gcc/arm-none-eabi/12.3.1/thumb/v7-m/nofp/libgcc.a(_udivmoddi4.o)
                0x08000e04                __udivmoddi4
 .text          0x080010bc        0x4 /opt/st/stm32cubeide_1.15.1/plugins/com.st.stm32cube.ide.mcu.externaltools.gnu-tools-for-stm32.12.3.rel1.linux64_1.0.100.202403111256/tools/bin/../lib/gcc/arm-none-eabi/12.3.1/thumb/v7-m/nofp/libgcc.a(_dvmd_tls.o)
                0x080010bc                __aeabi_ldiv0
                0x080010bc                __aeabi_idiv0
 *(.text*)
 .text._ZN6hitcon3App12OnEdgeButtonENS_8button_tE
                0x080010c0        0x4 ./Core/Hitcon/App/BadUsbApp.o
                0x080010c0                hitcon::App::OnEdgeButton(hitcon::button_t)
 .text._ZN6hitcon3usb9BadUsbAppD2Ev
                0x080010c4        0x4 ./Core/Hitcon/App/BadUsbApp.o
                0x080010c4                hitcon::usb::BadUsbApp::~BadUsbApp()
                0x080010c4                hitcon::usb::BadUsbApp::~BadUsbApp()
 .text._ZN6hitcon3usb9BadUsbApp7OnEntryEv
                0x080010c8       0x30 ./Core/Hitcon/App/BadUsbApp.o
                0x080010c8                hitcon::usb::BadUsbApp::OnEntry()
 .text._ZN6hitcon3usb9BadUsbApp6OnExitEv
                0x080010f8        0xc ./Core/Hitcon/App/BadUsbApp.o
                0x080010f8                hitcon::usb::BadUsbApp::OnExit()
 .text._ZN6hitcon3usb9BadUsbApp16OnScriptFinishedEPv
                0x08001104       0x10 ./Core/Hitcon/App/BadUsbApp.o
                0x08001104                hitcon::usb::BadUsbApp::OnScriptFinished(void*)
 .text._ZN6hitcon3usb9BadUsbAppD0Ev
                0x08001114       0x10 ./Core/Hitcon/App/BadUsbApp.o
                0x08001114                hitcon::usb::BadUsbApp::~BadUsbApp()
 .text._ZN6hitcon3usb9BadUsbApp8OnButtonENS_8button_tE
                0x08001124       0x44 ./Core/Hitcon/App/BadUsbApp.o
                0x08001124                hitcon::usb::BadUsbApp::OnButton(hitcon::button_t)
 .text._ZN6hitcon3usb9BadUsbApp13OnScriptErrorEPv
                0x08001168       0x1c ./Core/Hitcon/App/BadUsbApp.o
                0x08001168                hitcon::usb::BadUsbApp::OnScriptError(void*)
 .text.startup._GLOBAL__sub_I__ZN6hitcon3usb11bad_usb_appE
                0x08001184       0x10 ./Core/Hitcon/App/BadUsbApp.o
 .text._ZN6hitcon3app12bouncing_dvd17bouncing_dvd_randEv
                0x08001194        0xc ./Core/Hitcon/App/BouncingDVDApp.o
                0x08001194                hitcon::app::bouncing_dvd::bouncing_dvd_rand()
 .text._ZN6hitcon3app12bouncing_dvd14BouncingDVDAppD2Ev
                0x080011a0       0x18 ./Core/Hitcon/App/BouncingDVDApp.o
                0x080011a0                hitcon::app::bouncing_dvd::BouncingDVDApp::~BouncingDVDApp()
                0x080011a0                hitcon::app::bouncing_dvd::BouncingDVDApp::~BouncingDVDApp()
 .text._ZN6hitcon3app12bouncing_dvd14BouncingDVDApp7OnEntryEv
                0x080011b8       0x1c ./Core/Hitcon/App/BouncingDVDApp.o
                0x080011b8                hitcon::app::bouncing_dvd::BouncingDVDApp::OnEntry()
 .text._ZN6hitcon3app12bouncing_dvd14BouncingDVDApp6OnExitEv
                0x080011d4       0x1c ./Core/Hitcon/App/BouncingDVDApp.o
                0x080011d4                hitcon::app::bouncing_dvd::BouncingDVDApp::OnExit()
 .text._ZN6hitcon3app12bouncing_dvd14BouncingDVDAppD0Ev
                0x080011f0       0x20 ./Core/Hitcon/App/BouncingDVDApp.o
                0x080011f0                hitcon::app::bouncing_dvd::BouncingDVDApp::~BouncingDVDApp()
 .text._ZN6hitcon3app12bouncing_dvd14BouncingDVDApp8OnButtonENS_8button_tE
                0x08001210       0x80 ./Core/Hitcon/App/BouncingDVDApp.o
                0x08001210                hitcon::app::bouncing_dvd::BouncingDVDApp::OnButton(hitcon::button_t)
 .text._ZN6hitcon3app12bouncing_dvd11BouncingDVD6updateEi.part.0
                0x08001290       0xec ./Core/Hitcon/App/BouncingDVDApp.o
 .text._ZN6hitcon3app12bouncing_dvd11BouncingDVD4drawEPh
                0x0800137c       0x5c ./Core/Hitcon/App/BouncingDVDApp.o
                0x0800137c                hitcon::app::bouncing_dvd::BouncingDVD::draw(unsigned char*)
 .text._ZN6hitcon3app12bouncing_dvd14BouncingDVDApp22periodic_task_callbackEPv
                0x080013d8       0x34 ./Core/Hitcon/App/BouncingDVDApp.o
                0x080013d8                hitcon::app::bouncing_dvd::BouncingDVDApp::periodic_task_callback(void*)
 .text._ZN6hitcon3app12bouncing_dvd14BouncingDVDAppC2Ev
                0x0800140c       0x80 ./Core/Hitcon/App/BouncingDVDApp.o
                0x0800140c                hitcon::app::bouncing_dvd::BouncingDVDApp::BouncingDVDApp()
                0x0800140c                hitcon::app::bouncing_dvd::BouncingDVDApp::BouncingDVDApp()
 .text.startup._GLOBAL__sub_I__ZN6hitcon3app12bouncing_dvd11BouncingDVD6updateEi
                0x0800148c        0xc ./Core/Hitcon/App/BouncingDVDApp.o
 .text.exit._GLOBAL__sub_D__ZN6hitcon3app12bouncing_dvd11BouncingDVD6updateEi
                0x08001498       0x14 ./Core/Hitcon/App/BouncingDVDApp.o
 .text._ZN6hitcon14ConnectMenuApp12OnButtonModeEv
                0x080014ac        0x4 ./Core/Hitcon/App/ConnectMenuApp.o
                0x080014ac                hitcon::ConnectMenuApp::OnButtonMode()
 .text._ZN6hitcon14ConnectMenuApp12OnButtonBackEv
                0x080014b0        0x4 ./Core/Hitcon/App/ConnectMenuApp.o
                0x080014b0                hitcon::ConnectMenuApp::OnButtonBack()
 .text._ZN6hitcon14ConnectMenuApp16OnButtonLongBackEv
                0x080014b4        0x4 ./Core/Hitcon/App/ConnectMenuApp.o
                0x080014b4                hitcon::ConnectMenuApp::OnButtonLongBack()
 .text._ZN6hitcon20ConnectLegacyMenuApp12OnButtonModeEv
                0x080014b8        0x4 ./Core/Hitcon/App/ConnectMenuApp.o
                0x080014b8                hitcon::ConnectLegacyMenuApp::OnButtonMode()
 .text._ZN6hitcon20ConnectLegacyMenuApp12OnButtonBackEv
                0x080014bc        0x4 ./Core/Hitcon/App/ConnectMenuApp.o
                0x080014bc                hitcon::ConnectLegacyMenuApp::OnButtonBack()
 .text._ZN6hitcon20ConnectLegacyMenuApp16OnButtonLongBackEv
                0x080014c0        0x4 ./Core/Hitcon/App/ConnectMenuApp.o
                0x080014c0                hitcon::ConnectLegacyMenuApp::OnButtonLongBack()
 .text._ZN6hitcon21ConnectBasestnMenuApp12OnButtonModeEv
                0x080014c4        0x4 ./Core/Hitcon/App/ConnectMenuApp.o
                0x080014c4                hitcon::ConnectBasestnMenuApp::OnButtonMode()
 .text._ZN6hitcon21ConnectBasestnMenuApp12OnButtonBackEv
                0x080014c8        0x4 ./Core/Hitcon/App/ConnectMenuApp.o
                0x080014c8                hitcon::ConnectBasestnMenuApp::OnButtonBack()
 .text._ZN6hitcon21ConnectBasestnMenuApp16OnButtonLongBackEv
                0x080014cc        0x4 ./Core/Hitcon/App/ConnectMenuApp.o
                0x080014cc                hitcon::ConnectBasestnMenuApp::OnButtonLongBack()
 .text._ZN6hitcon21ConnectBasestnMenuApp7OnEntryEv
                0x080014d0        0x8 ./Core/Hitcon/App/ConnectMenuApp.o
                0x080014d0                hitcon::ConnectBasestnMenuApp::OnEntry()
 .text._ZN6hitcon21ConnectBasestnMenuAppD2Ev
                0x080014d8        0x4 ./Core/Hitcon/App/ConnectMenuApp.o
                0x080014d8                hitcon::ConnectBasestnMenuApp::~ConnectBasestnMenuApp()
                0x080014d8                hitcon::ConnectBasestnMenuApp::~ConnectBasestnMenuApp()
 .text._ZN6hitcon20ConnectLegacyMenuAppD2Ev
                0x080014dc        0x4 ./Core/Hitcon/App/ConnectMenuApp.o
                0x080014dc                hitcon::ConnectLegacyMenuApp::~ConnectLegacyMenuApp()
                0x080014dc                hitcon::ConnectLegacyMenuApp::~ConnectLegacyMenuApp()
 .text._ZN6hitcon14ConnectMenuAppD2Ev
                0x080014e0        0x4 ./Core/Hitcon/App/ConnectMenuApp.o
                0x080014e0                hitcon::ConnectMenuApp::~ConnectMenuApp()
                0x080014e0                hitcon::ConnectMenuApp::~ConnectMenuApp()
 .text._ZN6hitcon21ConnectBasestnMenuApp8OnButtonENS_8button_tE
                0x080014e4        0xc ./Core/Hitcon/App/ConnectMenuApp.o
                0x080014e4                hitcon::ConnectBasestnMenuApp::OnButton(hitcon::button_t)
 .text._ZN6hitcon21ConnectBasestnMenuAppD0Ev
                0x080014f0       0x10 ./Core/Hitcon/App/ConnectMenuApp.o
                0x080014f0                hitcon::ConnectBasestnMenuApp::~ConnectBasestnMenuApp()
 .text._ZN6hitcon14ConnectMenuAppD0Ev
                0x08001500       0x10 ./Core/Hitcon/App/ConnectMenuApp.o
                0x08001500                hitcon::ConnectMenuApp::~ConnectMenuApp()
 .text._ZN6hitcon20ConnectLegacyMenuAppD0Ev
                0x08001510       0x10 ./Core/Hitcon/App/ConnectMenuApp.o
                0x08001510                hitcon::ConnectLegacyMenuApp::~ConnectLegacyMenuApp()
 .text._ZN6hitcon21ConnectBasestnMenuApp18NotifyIrXbFinishedEv
                0x08001520       0x1c ./Core/Hitcon/App/ConnectMenuApp.o
                0x08001520                hitcon::ConnectBasestnMenuApp::NotifyIrXbFinished()
 .text.startup._GLOBAL__sub_I__ZN6hitcon12connect_menuE
                0x0800153c       0x58 ./Core/Hitcon/App/ConnectMenuApp.o
 .text._ZN6hitcon14IrRetxDebugApp12OnButtonModeEv
                0x08001594        0x4 ./Core/Hitcon/App/DebugApp.o
                0x08001594                hitcon::IrRetxDebugApp::OnButtonMode()
 .text._ZN6hitcon8DebugApp12OnButtonModeEv
                0x08001598        0x4 ./Core/Hitcon/App/DebugApp.o
                0x08001598                hitcon::DebugApp::OnButtonMode()
 .text._ZN6hitcon13DebugAccelApp6OnExitEv
                0x0800159c        0x8 ./Core/Hitcon/App/DebugApp.o
                0x0800159c                hitcon::DebugAccelApp::OnExit()
 .text._ZN6hitcon8DebugAppD2Ev
                0x080015a4        0x4 ./Core/Hitcon/App/DebugApp.o
                0x080015a4                hitcon::DebugApp::~DebugApp()
                0x080015a4                hitcon::DebugApp::~DebugApp()
 .text._ZN6hitcon14IrRetxDebugAppD2Ev
                0x080015a8        0x4 ./Core/Hitcon/App/DebugApp.o
                0x080015a8                hitcon::IrRetxDebugApp::~IrRetxDebugApp()
                0x080015a8                hitcon::IrRetxDebugApp::~IrRetxDebugApp()
 .text._ZN6hitcon13DebugAccelAppD2Ev
                0x080015ac       0x18 ./Core/Hitcon/App/DebugApp.o
                0x080015ac                hitcon::DebugAccelApp::~DebugAccelApp()
                0x080015ac                hitcon::DebugAccelApp::~DebugAccelApp()
 .text._ZN6hitcon14IrRetxDebugApp16OnButtonLongBackEv
                0x080015c4        0xc ./Core/Hitcon/App/DebugApp.o
                0x080015c4                hitcon::IrRetxDebugApp::OnButtonLongBack()
 .text._ZN6hitcon14IrRetxDebugApp12OnButtonBackEv
                0x080015d0        0xc ./Core/Hitcon/App/DebugApp.o
                0x080015d0                hitcon::IrRetxDebugApp::OnButtonBack()
 .text._ZN6hitcon8DebugApp16OnButtonLongBackEv
                0x080015dc        0xc ./Core/Hitcon/App/DebugApp.o
                0x080015dc                hitcon::DebugApp::OnButtonLongBack()
 .text._ZN6hitcon8DebugApp12OnButtonBackEv
                0x080015e8        0xc ./Core/Hitcon/App/DebugApp.o
                0x080015e8                hitcon::DebugApp::OnButtonBack()
 .text._ZN6hitcon14IrRetxDebugApp6OnExitEv
                0x080015f4        0x4 ./Core/Hitcon/App/DebugApp.o
                0x080015f4                hitcon::IrRetxDebugApp::OnExit()
 .text._ZN6hitcon13DebugAccelAppD0Ev
                0x080015f8       0x20 ./Core/Hitcon/App/DebugApp.o
                0x080015f8                hitcon::DebugAccelApp::~DebugAccelApp()
 .text._ZN6hitcon14IrRetxDebugAppD0Ev
                0x08001618       0x10 ./Core/Hitcon/App/DebugApp.o
                0x08001618                hitcon::IrRetxDebugApp::~IrRetxDebugApp()
 .text._ZN6hitcon8DebugAppD0Ev
                0x08001628       0x10 ./Core/Hitcon/App/DebugApp.o
                0x08001628                hitcon::DebugApp::~DebugApp()
 .text._ZN6hitcon13DebugAccelApp8OnButtonENS_8button_tE
                0x08001638       0x14 ./Core/Hitcon/App/DebugApp.o
                0x08001638                hitcon::DebugAccelApp::OnButton(hitcon::button_t)
 .text._ZN6hitcon13DebugAccelApp12OnEdgeButtonENS_8button_tE
                0x0800164c       0x18 ./Core/Hitcon/App/DebugApp.o
                0x0800164c                hitcon::DebugAccelApp::OnEdgeButton(hitcon::button_t)
 .text._ZN6hitcon13DebugAccelApp7OnEntryEv
                0x08001664       0x38 ./Core/Hitcon/App/DebugApp.o
                0x08001664                hitcon::DebugAccelApp::OnEntry()
 .text._ZN6hitcon14IrRetxDebugApp7OnEntryEv
                0x0800169c      0x12c ./Core/Hitcon/App/DebugApp.o
                0x0800169c                hitcon::IrRetxDebugApp::OnEntry()
 .text._ZN6hitcon13DebugAccelApp10MainTaskFnEPv
                0x080017c8       0x90 ./Core/Hitcon/App/DebugApp.o
                0x080017c8                hitcon::DebugAccelApp::MainTaskFn(void*)
 .text.startup._GLOBAL__sub_I__ZN6hitcon17g_debug_accel_appE
                0x08001858       0x6c ./Core/Hitcon/App/DebugApp.o
 .text.exit._GLOBAL__sub_D__ZN6hitcon17g_debug_accel_appE
                0x080018c4       0x14 ./Core/Hitcon/App/DebugApp.o
 .text._ZNK6hitcon3app4dino7DinoApp15GetXboardRecvIdEv
                0x080018d8        0x4 ./Core/Hitcon/App/DinoApp.o
                0x080018d8                hitcon::app::dino::DinoApp::GetXboardRecvId() const
 .text._ZNK6hitcon3app4dino7DinoApp11GetGameTypeEv
                0x080018dc        0x4 ./Core/Hitcon/App/DinoApp.o
                0x080018dc                hitcon::app::dino::DinoApp::GetGameType() const
 .text._ZNK6hitcon3app4dino7DinoApp8GetScoreEv
                0x080018e0        0x8 ./Core/Hitcon/App/DinoApp.o
                0x080018e0                hitcon::app::dino::DinoApp::GetScore() const
 .text._ZN6hitcon3app4dino7DinoApp16RecvAttackPacketEPNS_7service6xboard17PacketCallbackArgE
                0x080018e8        0x4 ./Core/Hitcon/App/DinoApp.o
                0x080018e8                hitcon::app::dino::DinoApp::RecvAttackPacket(hitcon::service::xboard::PacketCallbackArg*)
 .text._ZN6hitcon3app4dino7DinoAppD2Ev
                0x080018ec       0x18 ./Core/Hitcon/App/DinoApp.o
                0x080018ec                hitcon::app::dino::DinoApp::~DinoApp()
                0x080018ec                hitcon::app::dino::DinoApp::~DinoApp()
 .text._ZN6hitcon3app4dino7DinoApp9GameEntryEv
                0x08001904       0x14 ./Core/Hitcon/App/DinoApp.o
                0x08001904                hitcon::app::dino::DinoApp::GameEntry()
 .text._ZN6hitcon3app4dino7DinoApp9AbortGameEv
                0x08001918        0xc ./Core/Hitcon/App/DinoApp.o
                0x08001918                hitcon::app::dino::DinoApp::AbortGame()
 .text._ZN6hitcon3app4dino7DinoApp9StartGameEv
                0x08001924       0x44 ./Core/Hitcon/App/DinoApp.o
                0x08001924                hitcon::app::dino::DinoApp::StartGame()
 .text._ZN6hitcon3app4dino7DinoApp8GameExitEv
                0x08001968       0x10 ./Core/Hitcon/App/DinoApp.o
                0x08001968                hitcon::app::dino::DinoApp::GameExit()
 .text._ZN6hitcon3app4dino7DinoApp8GameOverEv
                0x08001978       0x48 ./Core/Hitcon/App/DinoApp.o
                0x08001978                hitcon::app::dino::DinoApp::GameOver()
 .text._ZN6hitcon3app4dino7DinoAppD0Ev
                0x080019c0       0x20 ./Core/Hitcon/App/DinoApp.o
                0x080019c0                hitcon::app::dino::DinoApp::~DinoApp()
 .text._ZN6hitcon3app4dino7DinoApp12OnEdgeButtonENS_8button_tE
                0x080019e0       0x30 ./Core/Hitcon/App/DinoApp.o
                0x080019e0                hitcon::app::dino::DinoApp::OnEdgeButton(hitcon::button_t)
 .text._ZN6hitcon3app4dino7DinoApp7RoutineEPv
                0x08001a10      0x284 ./Core/Hitcon/App/DinoApp.o
                0x08001a10                hitcon::app::dino::DinoApp::Routine(void*)
 .text._ZN6hitcon3app4dino7DinoApp8OnButtonENS_8button_tE
                0x08001c94      0x108 ./Core/Hitcon/App/DinoApp.o
                0x08001c94                hitcon::app::dino::DinoApp::OnButton(hitcon::button_t)
 .text._ZN6hitcon3app4dino7DinoAppC2Ev
                0x08001d9c       0x58 ./Core/Hitcon/App/DinoApp.o
                0x08001d9c                hitcon::app::dino::DinoApp::DinoApp()
                0x08001d9c                hitcon::app::dino::DinoApp::DinoApp()
 .text._ZN6hitcon3app4dino7DinoApp4InitEv
                0x08001df4       0x10 ./Core/Hitcon/App/DinoApp.o
                0x08001df4                hitcon::app::dino::DinoApp::Init()
 .text.startup._GLOBAL__sub_I__ZN6hitcon3app4dino16combo_button_ctrE
                0x08001e04        0xc ./Core/Hitcon/App/DinoApp.o
 .text.exit._GLOBAL__sub_D__ZN6hitcon3app4dino16combo_button_ctrE
                0x08001e10       0x14 ./Core/Hitcon/App/DinoApp.o
 .text._ZN6hitcon11EditNameApp6OnExitEv
                0x08001e24        0x4 ./Core/Hitcon/App/EditNameApp.o
                0x08001e24                hitcon::EditNameApp::OnExit()
 .text._ZN6hitcon11EditNameAppD2Ev
                0x08001e28        0x4 ./Core/Hitcon/App/EditNameApp.o
                0x08001e28                hitcon::EditNameApp::~EditNameApp()
                0x08001e28                hitcon::EditNameApp::~EditNameApp()
 .text._ZN6hitcon11EditNameApp7OnEntryEv
                0x08001e2c       0x38 ./Core/Hitcon/App/EditNameApp.o
                0x08001e2c                hitcon::EditNameApp::OnEntry()
 .text._ZN6hitcon11EditNameApp8OnButtonENS_8button_tE
                0x08001e64       0xa4 ./Core/Hitcon/App/EditNameApp.o
                0x08001e64                hitcon::EditNameApp::OnButton(hitcon::button_t)
 .text._ZN6hitcon11EditNameAppD0Ev
                0x08001f08       0x10 ./Core/Hitcon/App/EditNameApp.o
                0x08001f08                hitcon::EditNameApp::~EditNameApp()
 .text._ZN6hitcon11EditNameApp12OnEdgeButtonENS_8button_tE
                0x08001f18       0x20 ./Core/Hitcon/App/EditNameApp.o
                0x08001f18                hitcon::EditNameApp::OnEdgeButton(hitcon::button_t)
 .text.startup._GLOBAL__sub_I__ZN6hitcon13edit_name_appE
                0x08001f38       0x20 ./Core/Hitcon/App/EditNameApp.o
 .text._ZN6hitcon15HardwareTestApp11CheckXBoardEPv
                0x08001f58       0x2c ./Core/Hitcon/App/HardwareTestApp.o
                0x08001f58                hitcon::HardwareTestApp::CheckXBoard(void*)
 .text._ZN6hitcon15HardwareTestAppD2Ev
                0x08001f84       0x18 ./Core/Hitcon/App/HardwareTestApp.o
                0x08001f84                hitcon::HardwareTestApp::~HardwareTestApp()
                0x08001f84                hitcon::HardwareTestApp::~HardwareTestApp()
 .text._ZN6hitcon15HardwareTestApp7OnEntryEv
                0x08001f9c       0x2c ./Core/Hitcon/App/HardwareTestApp.o
                0x08001f9c                hitcon::HardwareTestApp::OnEntry()
 .text._ZN6hitcon15HardwareTestApp6OnExitEv
                0x08001fc8       0x10 ./Core/Hitcon/App/HardwareTestApp.o
                0x08001fc8                hitcon::HardwareTestApp::OnExit()
 .text._ZN6hitcon15HardwareTestApp8OnButtonENS_8button_tE
                0x08001fd8       0xf8 ./Core/Hitcon/App/HardwareTestApp.o
                0x08001fd8                hitcon::HardwareTestApp::OnButton(hitcon::button_t)
 .text._ZN6hitcon15HardwareTestApp7RoutineEPv
                0x080020d0      0x10c ./Core/Hitcon/App/HardwareTestApp.o
                0x080020d0                hitcon::HardwareTestApp::Routine(void*)
 .text._ZN6hitcon15HardwareTestAppD0Ev
                0x080021dc       0x20 ./Core/Hitcon/App/HardwareTestApp.o
                0x080021dc                hitcon::HardwareTestApp::~HardwareTestApp()
 .text._ZN6hitcon15HardwareTestApp8CheckImuEPv
                0x080021fc       0x34 ./Core/Hitcon/App/HardwareTestApp.o
                0x080021fc                hitcon::HardwareTestApp::CheckImu(void*)
 .text._ZN6hitcon15HardwareTestApp4InitEv
                0x08002230       0x2c ./Core/Hitcon/App/HardwareTestApp.o
                0x08002230                hitcon::HardwareTestApp::Init()
 .text._ZN6hitcon15HardwareTestApp7CheckIrEPv
                0x0800225c       0x30 ./Core/Hitcon/App/HardwareTestApp.o
                0x0800225c                hitcon::HardwareTestApp::CheckIr(void*)
 .text.startup._GLOBAL__sub_I__ZN6hitcon17hardware_test_appE
                0x0800228c       0x48 ./Core/Hitcon/App/HardwareTestApp.o
 .text.exit._GLOBAL__sub_D__ZN6hitcon17hardware_test_appE
                0x080022d4       0x14 ./Core/Hitcon/App/HardwareTestApp.o
 .text._ZN6hitcon14IrForceRetxApp6OnExitEv
                0x080022e8        0x8 ./Core/Hitcon/App/IrForceRetxApp.o
                0x080022e8                hitcon::IrForceRetxApp::OnExit()
 .text._ZN6hitcon14IrForceRetxAppD2Ev
                0x080022f0       0x18 ./Core/Hitcon/App/IrForceRetxApp.o
                0x080022f0                hitcon::IrForceRetxApp::~IrForceRetxApp()
                0x080022f0                hitcon::IrForceRetxApp::~IrForceRetxApp()
 .text._ZN6hitcon14IrForceRetxApp7OnEntryEv
                0x08002308       0x14 ./Core/Hitcon/App/IrForceRetxApp.o
                0x08002308                hitcon::IrForceRetxApp::OnEntry()
 .text._ZN6hitcon14IrForceRetxApp11RoutineTaskEv
                0x0800231c      0x10c ./Core/Hitcon/App/IrForceRetxApp.o
                0x0800231c                hitcon::IrForceRetxApp::RoutineTask()
 .text._ZN6hitcon14IrForceRetxAppD0Ev
                0x08002428       0x20 ./Core/Hitcon/App/IrForceRetxApp.o
                0x08002428                hitcon::IrForceRetxApp::~IrForceRetxApp()
 .text._ZN6hitcon14IrForceRetxApp8OnButtonENS_8button_tE
                0x08002448       0x14 ./Core/Hitcon/App/IrForceRetxApp.o
                0x08002448                hitcon::IrForceRetxApp::OnButton(hitcon::button_t)
 .text.startup._GLOBAL__sub_I__ZN6hitcon19g_ir_force_retx_appE
                0x0800245c       0x3c ./Core/Hitcon/App/IrForceRetxApp.o
 .text.exit._GLOBAL__sub_D__ZN6hitcon19g_ir_force_retx_appE
                0x08002498       0x14 ./Core/Hitcon/App/IrForceRetxApp.o
 .text._ZN6hitcon11MainMenuAppD2Ev
                0x080024ac        0x4 ./Core/Hitcon/App/MainMenuApp.o
                0x080024ac                hitcon::MainMenuApp::~MainMenuApp()
                0x080024ac                hitcon::MainMenuApp::~MainMenuApp()
 .text._ZN6hitcon11MainMenuApp16OnButtonLongBackEv
                0x080024b0       0x10 ./Core/Hitcon/App/MainMenuApp.o
                0x080024b0                hitcon::MainMenuApp::OnButtonLongBack()
 .text._ZN6hitcon11MainMenuApp12OnButtonBackEv
                0x080024c0       0x10 ./Core/Hitcon/App/MainMenuApp.o
                0x080024c0                hitcon::MainMenuApp::OnButtonBack()
 .text._ZN6hitcon11MainMenuApp12OnButtonModeEv
                0x080024d0       0x10 ./Core/Hitcon/App/MainMenuApp.o
                0x080024d0                hitcon::MainMenuApp::OnButtonMode()
 .text._ZN6hitcon11MainMenuAppD0Ev
                0x080024e0       0x10 ./Core/Hitcon/App/MainMenuApp.o
                0x080024e0                hitcon::MainMenuApp::~MainMenuApp()
 .text._ZN6hitcon11MainMenuApp8OnButtonENS_8button_tE
                0x080024f0       0x50 ./Core/Hitcon/App/MainMenuApp.o
                0x080024f0                hitcon::MainMenuApp::OnButton(hitcon::button_t)
 .text.startup._GLOBAL__sub_I__ZN6hitcon9main_menuE
                0x08002540       0x24 ./Core/Hitcon/App/MainMenuApp.o
 .text._ZN6hitcon7MenuApp6OnExitEv
                0x08002564        0x8 ./Core/Hitcon/App/MenuApp.o
                0x08002564                hitcon::MenuApp::OnExit()
 .text._ZN6hitcon7MenuApp7OnEntryEv
                0x0800256c       0x1c ./Core/Hitcon/App/MenuApp.o
                0x0800256c                hitcon::MenuApp::OnEntry()
 .text._ZN6hitcon7MenuApp8OnButtonENS_8button_tE
                0x08002588       0xc4 ./Core/Hitcon/App/MenuApp.o
                0x08002588                hitcon::MenuApp::OnButton(hitcon::button_t)
 .text._ZN6hitcon7MenuAppC2EPKNS_12menu_entry_tEi
                0x0800264c       0x18 ./Core/Hitcon/App/MenuApp.o
                0x0800264c                hitcon::MenuApp::MenuApp(hitcon::menu_entry_t const*, int)
                0x0800264c                hitcon::MenuApp::MenuApp(hitcon::menu_entry_t const*, int)
 .text._ZN6hitcon7MenuApp17AdjustMenuPointerEPKNS_12menu_entry_tEib
                0x08002664       0x34 ./Core/Hitcon/App/MenuApp.o
                0x08002664                hitcon::MenuApp::AdjustMenuPointer(hitcon::menu_entry_t const*, int, bool)
 .text._ZN6hitcon3app11multiplayer15MultiplayerGame6OnExitEv
                0x08002698        0x8 ./Core/Hitcon/App/MultiplayerGame.o
                0x08002698                hitcon::app::multiplayer::MultiplayerGame::OnExit()
 .text._ZN6hitcon3app11multiplayer15MultiplayerGame7OnEntryEv
                0x080026a0       0x2c ./Core/Hitcon/App/MultiplayerGame.o
                0x080026a0                hitcon::app::multiplayer::MultiplayerGame::OnEntry()
 .text._ZN6hitcon3app11multiplayer15MultiplayerGame22UploadMultiplayerScoreEPNS_7service6xboard17PacketCallbackArgE
                0x080026cc       0x70 ./Core/Hitcon/App/MultiplayerGame.o
                0x080026cc                hitcon::app::multiplayer::MultiplayerGame::UploadMultiplayerScore(hitcon::service::xboard::PacketCallbackArg*)
 .text._ZN6hitcon3app11multiplayer15MultiplayerGame23UploadSingleplayerScoreEv
                0x0800273c       0x54 ./Core/Hitcon/App/MultiplayerGame.o
                0x0800273c                hitcon::app::multiplayer::MultiplayerGame::UploadSingleplayerScore()
 .text._ZN6hitcon3app11multiplayer15MultiplayerGame12SendGameOverEv
                0x08002790       0x60 ./Core/Hitcon/App/MultiplayerGame.o
                0x08002790                hitcon::app::multiplayer::MultiplayerGame::SendGameOver()
 .text._ZN6hitcon3app11multiplayer15MultiplayerGame15SendGameOverAckEPNS_7service6xboard17PacketCallbackArgE
                0x080027f0       0x68 ./Core/Hitcon/App/MultiplayerGame.o
                0x080027f0                hitcon::app::multiplayer::MultiplayerGame::SendGameOverAck(hitcon::service::xboard::PacketCallbackArg*)
 .text._ZN6hitcon3app11multiplayer15MultiplayerGame12OnXboardRecvEPv
                0x08002858       0x60 ./Core/Hitcon/App/MultiplayerGame.o
                0x08002858                hitcon::app::multiplayer::MultiplayerGame::OnXboardRecv(void*)
 .text._ZN6hitcon3app11multiplayer15MultiplayerGame13SendStartGameEv
                0x080028b8       0x28 ./Core/Hitcon/App/MultiplayerGame.o
                0x080028b8                hitcon::app::multiplayer::MultiplayerGame::SendStartGame()
 .text._ZN6hitcon3app11multiplayer15MultiplayerGame13SendAbortGameEv
                0x080028e0       0x28 ./Core/Hitcon/App/MultiplayerGame.o
                0x080028e0                hitcon::app::multiplayer::MultiplayerGame::SendAbortGame()
 .text._ZN6hitcon3app11multiplayer15MultiplayerGame10SendAttackEh
                0x08002908       0x2c ./Core/Hitcon/App/MultiplayerGame.o
                0x08002908                hitcon::app::multiplayer::MultiplayerGame::SendAttack(unsigned char)
 .text._ZN6hitcon3app11multiplayer15MultiplayerGame14SetPlayerCountENS1_11PlayerCountE
                0x08002934        0x4 ./Core/Hitcon/App/MultiplayerGame.o
                0x08002934                hitcon::app::multiplayer::MultiplayerGame::SetPlayerCount(hitcon::app::multiplayer::PlayerCount)
 .text._ZNK6hitcon3app11multiplayer15MultiplayerGame13IsMultiplayerEv
                0x08002938       0x10 ./Core/Hitcon/App/MultiplayerGame.o
                0x08002938                hitcon::app::multiplayer::MultiplayerGame::IsMultiplayer() const
 .text._ZN6hitcon14NameDisplayAppD2Ev
                0x08002948        0x4 ./Core/Hitcon/App/NameDisplayApp.o
                0x08002948                hitcon::NameDisplayApp::~NameDisplayApp()
                0x08002948                hitcon::NameDisplayApp::~NameDisplayApp()
 .text._ZN6hitcon17ChangeToNameScoreEv
                0x0800294c       0x20 ./Core/Hitcon/App/NameDisplayApp.o
                0x0800294c                hitcon::ChangeToNameScore()
 .text._ZN6hitcon16ChangeToNameOnlyEv
                0x0800296c       0x20 ./Core/Hitcon/App/NameDisplayApp.o
                0x0800296c                hitcon::ChangeToNameOnly()
 .text._ZN6hitcon17ChangeToScoreOnlyEv
                0x0800298c       0x20 ./Core/Hitcon/App/NameDisplayApp.o
                0x0800298c                hitcon::ChangeToScoreOnly()
 .text._ZN6hitcon14NameDisplayApp12OnButtonModeEv
                0x080029ac       0x10 ./Core/Hitcon/App/NameDisplayApp.o
                0x080029ac                hitcon::NameDisplayApp::OnButtonLongBack()
                0x080029ac                hitcon::NameDisplayApp::OnButtonMode()
 .text._ZN6hitcon14NameDisplayApp12OnButtonBackEv
                0x080029bc       0x10 ./Core/Hitcon/App/NameDisplayApp.o
                0x080029bc                hitcon::NameDisplayApp::OnButtonBack()
 .text._ZN6hitcon14NameDisplayAppD0Ev
                0x080029cc       0x10 ./Core/Hitcon/App/NameDisplayApp.o
                0x080029cc                hitcon::NameDisplayApp::~NameDisplayApp()
 .text.startup._GLOBAL__sub_I__ZN6hitcon17ChangeToNameScoreEv
                0x080029dc       0x20 ./Core/Hitcon/App/NameDisplayApp.o
 .text._ZN6hitcon14NameSettingAppD2Ev
                0x080029fc        0x4 ./Core/Hitcon/App/NameSettingApp.o
                0x080029fc                hitcon::NameSettingApp::~NameSettingApp()
                0x080029fc                hitcon::NameSettingApp::~NameSettingApp()
 .text._ZN6hitcon14NameSettingApp16OnButtonLongBackEv
                0x08002a00       0x10 ./Core/Hitcon/App/NameSettingApp.o
                0x08002a00                hitcon::NameSettingApp::OnButtonLongBack()
 .text._ZN6hitcon14NameSettingApp12OnButtonBackEv
                0x08002a10       0x10 ./Core/Hitcon/App/NameSettingApp.o
                0x08002a10                hitcon::NameSettingApp::OnButtonBack()
 .text._ZN6hitcon14NameSettingApp12OnButtonModeEv
                0x08002a20       0x10 ./Core/Hitcon/App/NameSettingApp.o
                0x08002a20                hitcon::NameSettingApp::OnButtonMode()
 .text._ZN6hitcon14NameSettingAppD0Ev
                0x08002a30       0x10 ./Core/Hitcon/App/NameSettingApp.o
                0x08002a30                hitcon::NameSettingApp::~NameSettingApp()
 .text.startup._GLOBAL__sub_I__ZN6hitcon17name_setting_menuE
                0x08002a40       0x20 ./Core/Hitcon/App/NameSettingApp.o
 .text._ZN6hitcon10score_hist12ScoreHistApp12OnButtonModeEv
                0x08002a60        0x4 ./Core/Hitcon/App/ScoreHistApp.o
                0x08002a60                hitcon::score_hist::ScoreHistApp::OnButtonMode()
 .text._ZN6hitcon10score_hist12ScoreHistAppD2Ev
                0x08002a64        0x4 ./Core/Hitcon/App/ScoreHistApp.o
                0x08002a64                hitcon::score_hist::ScoreHistApp::~ScoreHistApp()
                0x08002a64                hitcon::score_hist::ScoreHistApp::~ScoreHistApp()
 .text._ZN6hitcon10score_hist12ScoreHistApp16OnButtonLongBackEv
                0x08002a68        0xc ./Core/Hitcon/App/ScoreHistApp.o
                0x08002a68                hitcon::score_hist::ScoreHistApp::OnButtonLongBack()
 .text._ZN6hitcon10score_hist12ScoreHistApp12OnButtonBackEv
                0x08002a74        0xc ./Core/Hitcon/App/ScoreHistApp.o
                0x08002a74                hitcon::score_hist::ScoreHistApp::OnButtonBack()
 .text._ZN6hitcon10score_hist12ScoreHistAppD0Ev
                0x08002a80       0x10 ./Core/Hitcon/App/ScoreHistApp.o
                0x08002a80                hitcon::score_hist::ScoreHistApp::~ScoreHistApp()
 .text._ZN6hitcon10score_hist12ScoreHistApp9SetScoresEv
                0x08002a90       0x70 ./Core/Hitcon/App/ScoreHistApp.o
                0x08002a90                hitcon::score_hist::ScoreHistApp::SetScores()
 .text._ZN6hitcon10score_hist12ScoreHistApp7OnEntryEv
                0x08002b00       0x14 ./Core/Hitcon/App/ScoreHistApp.o
                0x08002b00                hitcon::score_hist::ScoreHistApp::OnEntry()
 .text.startup._GLOBAL__sub_I__ZN6hitcon10score_hist14dino_score_strE
                0x08002b14       0x20 ./Core/Hitcon/App/ScoreHistApp.o
 .text._ZN6hitcon9ShowIdApp6OnExitEv
                0x08002b34        0x4 ./Core/Hitcon/App/ShowIdApp.o
                0x08002b34                hitcon::ShowIdApp::OnExit()
 .text._ZN6hitcon9ShowIdApp5GetIdEPv
                0x08002b38       0x88 ./Core/Hitcon/App/ShowIdApp.o
                0x08002b38                hitcon::ShowIdApp::GetId(void*)
 .text._ZN6hitcon9ShowIdAppD2Ev
                0x08002bc0       0x1c ./Core/Hitcon/App/ShowIdApp.o
                0x08002bc0                hitcon::ShowIdApp::~ShowIdApp()
                0x08002bc0                hitcon::ShowIdApp::~ShowIdApp()
 .text._ZN6hitcon9ShowIdApp7OnEntryEv
                0x08002bdc       0x2c ./Core/Hitcon/App/ShowIdApp.o
                0x08002bdc                hitcon::ShowIdApp::OnEntry()
 .text._ZN6hitcon9ShowIdApp13TypeIdRoutineEPv
                0x08002c08       0x74 ./Core/Hitcon/App/ShowIdApp.o
                0x08002c08                hitcon::ShowIdApp::TypeIdRoutine(void*)
 .text._ZN6hitcon9ShowIdApp8OnButtonENS_8button_tE
                0x08002c7c       0x54 ./Core/Hitcon/App/ShowIdApp.o
                0x08002c7c                hitcon::ShowIdApp::OnButton(hitcon::button_t)
 .text._ZN6hitcon9ShowIdAppD0Ev
                0x08002cd0       0x24 ./Core/Hitcon/App/ShowIdApp.o
                0x08002cd0                hitcon::ShowIdApp::~ShowIdApp()
 .text._ZN6hitcon9ShowIdApp4InitEv
                0x08002cf4       0x10 ./Core/Hitcon/App/ShowIdApp.o
                0x08002cf4                hitcon::ShowIdApp::Init()
 .text.startup._GLOBAL__sub_I__ZN6hitcon11show_id_appE
                0x08002d04       0x78 ./Core/Hitcon/App/ShowIdApp.o
 .text.exit._GLOBAL__sub_D__ZN6hitcon11show_id_appE
                0x08002d7c       0x10 ./Core/Hitcon/App/ShowIdApp.o
 .text._ZN6hitcon11ShowNameAppD2Ev
                0x08002d8c       0x18 ./Core/Hitcon/App/ShowNameApp.o
                0x08002d8c                hitcon::ShowNameApp::~ShowNameApp()
                0x08002d8c                hitcon::ShowNameApp::~ShowNameApp()
 .text._ZN6hitcon11ShowNameApp6OnExitEv
                0x08002da4       0x1c ./Core/Hitcon/App/ShowNameApp.o
                0x08002da4                hitcon::ShowNameApp::OnExit()
 .text._ZN6hitcon11ShowNameApp8OnButtonENS_8button_tE
                0x08002dc0       0x88 ./Core/Hitcon/App/ShowNameApp.o
                0x08002dc0                hitcon::ShowNameApp::OnButton(hitcon::button_t)
 .text._ZN6hitcon11ShowNameAppD0Ev
                0x08002e48       0x20 ./Core/Hitcon/App/ShowNameApp.o
                0x08002e48                hitcon::ShowNameApp::~ShowNameApp()
 .text._ZN6hitcon11ShowNameAppC2Ev
                0x08002e68       0x70 ./Core/Hitcon/App/ShowNameApp.o
                0x08002e68                hitcon::ShowNameApp::ShowNameApp()
                0x08002e68                hitcon::ShowNameApp::ShowNameApp()
 .text._ZN6hitcon11ShowNameApp4InitEv
                0x08002ed8       0x3c ./Core/Hitcon/App/ShowNameApp.o
                0x08002ed8                hitcon::ShowNameApp::Init()
 .text._ZN6hitcon11ShowNameApp23ResetSetScorePacketPollEv
                0x08002f14        0x8 ./Core/Hitcon/App/ShowNameApp.o
                0x08002f14                hitcon::ShowNameApp::ResetSetScorePacketPoll()
 .text._ZN6hitcon11ShowNameApp18PollSetScorePacketEv
                0x08002f1c        0x8 ./Core/Hitcon/App/ShowNameApp.o
                0x08002f1c                hitcon::ShowNameApp::PollSetScorePacket()
 .text._ZN6hitcon11ShowNameApp14update_displayEv
                0x08002f24       0xe0 ./Core/Hitcon/App/ShowNameApp.o
                0x08002f24                hitcon::ShowNameApp::update_display()
 .text._ZN6hitcon11ShowNameApp7OnEntryEv
                0x08003004       0x28 ./Core/Hitcon/App/ShowNameApp.o
                0x08003004                hitcon::ShowNameApp::OnEntry()
 .text._ZN6hitcon11ShowNameApp12check_updateEv
                0x0800302c       0x5c ./Core/Hitcon/App/ShowNameApp.o
                0x0800302c                hitcon::ShowNameApp::check_update()
 .text._ZN6hitcon11ShowNameApp7SetNameEPKc
                0x08003088       0x3c ./Core/Hitcon/App/ShowNameApp.o
                0x08003088                hitcon::ShowNameApp::SetName(char const*)
 .text._ZN6hitcon11ShowNameApp7SetModeENS_12ShowNameModeE
                0x080030c4        0x8 ./Core/Hitcon/App/ShowNameApp.o
                0x080030c4                hitcon::ShowNameApp::SetMode(hitcon::ShowNameMode)
 .text._ZN6hitcon11ShowNameApp8SetScoreEm
                0x080030cc       0x10 ./Core/Hitcon/App/ShowNameApp.o
                0x080030cc                hitcon::ShowNameApp::SetScore(unsigned long)
 .text._ZN6hitcon11ShowNameApp14SetSurpriseMsgEPKc
                0x080030dc       0x2c ./Core/Hitcon/App/ShowNameApp.o
                0x080030dc                hitcon::ShowNameApp::SetSurpriseMsg(char const*)
 .text.startup._GLOBAL__sub_I__ZN6hitcon13show_name_appE
                0x08003108        0xc ./Core/Hitcon/App/ShowNameApp.o
 .text.exit._GLOBAL__sub_D__ZN6hitcon13show_name_appE
                0x08003114       0x14 ./Core/Hitcon/App/ShowNameApp.o
 .text._ZN6hitcon12ShowScoreApp4InitEv
                0x08003128        0x4 ./Core/Hitcon/App/ShowScoreApp.o
                0x08003128                hitcon::ShowScoreApp::Init()
                0x08003128                hitcon::ShowScoreApp::OnExit()
 .text._ZN6hitcon12ShowScoreAppD2Ev
                0x0800312c        0x4 ./Core/Hitcon/App/ShowScoreApp.o
                0x0800312c                hitcon::ShowScoreApp::~ShowScoreApp()
                0x0800312c                hitcon::ShowScoreApp::~ShowScoreApp()
 .text._ZN6hitcon12ShowScoreAppD0Ev
                0x08003130       0x10 ./Core/Hitcon/App/ShowScoreApp.o
                0x08003130                hitcon::ShowScoreApp::~ShowScoreApp()
 .text._ZN6hitcon12ShowScoreApp8OnButtonENS_8button_tE
                0x08003140       0x18 ./Core/Hitcon/App/ShowScoreApp.o
                0x08003140                hitcon::ShowScoreApp::OnButton(hitcon::button_t)
 .text._ZN6hitcon12ShowScoreApp7OnEntryEv
                0x08003158       0x3c ./Core/Hitcon/App/ShowScoreApp.o
                0x08003158                hitcon::ShowScoreApp::OnEntry()
 .text._ZN6hitcon12ShowScoreApp8SetScoreEm
                0x08003194        0x4 ./Core/Hitcon/App/ShowScoreApp.o
                0x08003194                hitcon::ShowScoreApp::SetScore(unsigned long)
 .text.startup._GLOBAL__sub_I__ZN6hitcon14show_score_appE
                0x08003198       0x14 ./Core/Hitcon/App/ShowScoreApp.o
 .text._ZN6hitcon3app5snake8SnakeApp16RecvAttackPacketEPNS_7service6xboard17PacketCallbackArgE
                0x080031ac        0xc ./Core/Hitcon/App/SnakeApp.o
                0x080031ac                hitcon::app::snake::SnakeApp::RecvAttackPacket(hitcon::service::xboard::PacketCallbackArg*)
 .text._ZNK6hitcon3app5snake8SnakeApp15GetXboardRecvIdEv
                0x080031b8        0x4 ./Core/Hitcon/App/SnakeApp.o
                0x080031b8                hitcon::app::snake::SnakeApp::GetXboardRecvId() const
 .text._ZNK6hitcon3app5snake8SnakeApp11GetGameTypeEv
                0x080031bc        0x4 ./Core/Hitcon/App/SnakeApp.o
                0x080031bc                hitcon::app::snake::SnakeApp::GetGameType() const
 .text._ZNK6hitcon3app5snake8SnakeApp8GetScoreEv
                0x080031c0        0x8 ./Core/Hitcon/App/SnakeApp.o
                0x080031c0                hitcon::app::snake::SnakeApp::GetScore() const
 .text._ZN6hitcon3app5snake8SnakeApp8OnButtonENS_8button_tE
                0x080031c8        0x4 ./Core/Hitcon/App/SnakeApp.o
                0x080031c8                hitcon::app::snake::SnakeApp::OnButton(hitcon::button_t)
 .text._ZN6hitcon3app5snake8SnakeAppD2Ev
                0x080031cc       0x18 ./Core/Hitcon/App/SnakeApp.o
                0x080031cc                hitcon::app::snake::SnakeApp::~SnakeApp()
                0x080031cc                hitcon::app::snake::SnakeApp::~SnakeApp()
 .text._ZN6hitcon3app5snake8SnakeApp9GameEntryEv
                0x080031e4       0x1c ./Core/Hitcon/App/SnakeApp.o
                0x080031e4                hitcon::app::snake::SnakeApp::GameEntry()
 .text._ZN6hitcon3app5snake8SnakeApp9AbortGameEv
                0x08003200        0xc ./Core/Hitcon/App/SnakeApp.o
                0x08003200                hitcon::app::snake::SnakeApp::AbortGame()
 .text._ZN6hitcon3app5snake8SnakeApp8GameOverEv
                0x0800320c       0x3c ./Core/Hitcon/App/SnakeApp.o
                0x0800320c                hitcon::app::snake::SnakeApp::GameOver()
 .text._ZN6hitcon3app5snake8SnakeAppD0Ev
                0x08003248       0x20 ./Core/Hitcon/App/SnakeApp.o
                0x08003248                hitcon::app::snake::SnakeApp::~SnakeApp()
 .text._ZN6hitcon3app5snake8SnakeApp8GameExitEv
                0x08003268       0x18 ./Core/Hitcon/App/SnakeApp.o
                0x08003268                hitcon::app::snake::SnakeApp::GameExit()
 .text._ZN6hitcon3app5snake8SnakeApp7RoutineEPv
                0x08003280      0x1c4 ./Core/Hitcon/App/SnakeApp.o
                0x08003280                hitcon::app::snake::SnakeApp::Routine(void*)
 .text._ZN6hitcon3app5snake8SnakeApp4InitEv
                0x08003444       0x1c ./Core/Hitcon/App/SnakeApp.o
                0x08003444                hitcon::app::snake::SnakeApp::Init()
 .text._ZN6hitcon3app5snake15SetSingleplayerEv
                0x08003460        0xc ./Core/Hitcon/App/SnakeApp.o
                0x08003460                hitcon::app::snake::SetSingleplayer()
 .text._ZN6hitcon3app5snake14SetMultiplayerEv
                0x0800346c        0xc ./Core/Hitcon/App/SnakeApp.o
                0x0800346c                hitcon::app::snake::SetMultiplayer()
 .text._ZN6hitcon3app5snake8SnakeApp8InitGameEv
                0x08003478       0x8c ./Core/Hitcon/App/SnakeApp.o
                0x08003478                hitcon::app::snake::SnakeApp::InitGame()
 .text._ZN6hitcon3app5snake8SnakeApp9StartGameEv
                0x08003504        0xc ./Core/Hitcon/App/SnakeApp.o
                0x08003504                hitcon::app::snake::SnakeApp::StartGame()
 .text._ZN6hitcon3app5snake8SnakeApp12OnEdgeButtonENS_8button_tE
                0x08003510       0xac ./Core/Hitcon/App/SnakeApp.o
                0x08003510                hitcon::app::snake::SnakeApp::OnEdgeButton(hitcon::button_t)
 .text.startup._GLOBAL__sub_I__ZN6hitcon3app5snake9snake_appE
                0x080035bc       0x4c ./Core/Hitcon/App/SnakeApp.o
 .text.exit._GLOBAL__sub_D__ZN6hitcon3app5snake9snake_appE
                0x08003608       0x14 ./Core/Hitcon/App/SnakeApp.o
 .text._ZN6hitcon3app4tama7TamaAppD2Ev
                0x0800361c       0x38 ./Core/Hitcon/App/TamaApp.o
                0x0800361c                hitcon::app::tama::TamaApp::~TamaApp()
                0x0800361c                hitcon::app::tama::TamaApp::~TamaApp()
 .text._ZN6hitcon3app4tama7TamaApp6OnExitEv
                0x08003654       0x30 ./Core/Hitcon/App/TamaApp.o
                0x08003654                hitcon::app::tama::TamaApp::OnExit()
 .text._ZN6hitcon3app4tama7TamaAppD0Ev
                0x08003684       0x44 ./Core/Hitcon/App/TamaApp.o
                0x08003684                hitcon::app::tama::TamaApp::~TamaApp()
 .text._ZN6hitcon3app4tama7TamaAppC2Ev
                0x080036c8      0x170 ./Core/Hitcon/App/TamaApp.o
                0x080036c8                hitcon::app::tama::TamaApp::TamaApp()
                0x080036c8                hitcon::app::tama::TamaApp::TamaApp()
 .text._ZN6hitcon3app4tama15SetSingleplayerEv
                0x08003838       0x10 ./Core/Hitcon/App/TamaApp.o
                0x08003838                hitcon::app::tama::SetSingleplayer()
 .text._ZN6hitcon3app4tama14SetMultiplayerEv
                0x08003848       0x38 ./Core/Hitcon/App/TamaApp.o
                0x08003848                hitcon::app::tama::SetMultiplayer()
 .text._ZN6hitcon3app4tama21SetBaseStationConnectEv
                0x08003880       0x10 ./Core/Hitcon/App/TamaApp.o
                0x08003880                hitcon::app::tama::SetBaseStationConnect()
 .text._ZN6hitcon3app4tama7TamaApp12TamaHealOnlyEv
                0x08003890       0x28 ./Core/Hitcon/App/TamaApp.o
                0x08003890                hitcon::app::tama::TamaApp::TamaHealOnly()
 .text._ZN6hitcon3app4tama7TamaApp20StackOnFrameBlinkingEPKNS1_24tama_display_component_tEi
                0x080038b8       0xb4 ./Core/Hitcon/App/TamaApp.o
                0x080038b8                hitcon::app::tama::TamaApp::StackOnFrameBlinking(hitcon::app::tama::tama_display_component_t const*, int)
 .text._ZN6hitcon3app4tama7TamaApp19StackOnFrameShifingEPKNS1_24tama_display_component_tEi
                0x0800396c       0xd4 ./Core/Hitcon/App/TamaApp.o
                0x0800396c                hitcon::app::tama::TamaApp::StackOnFrameShifing(hitcon::app::tama::tama_display_component_t const*, int)
 .text._ZN6hitcon3app4tama7TamaApp17ConcateAnimtaionsEhz
                0x08003a40      0x14c ./Core/Hitcon/App/TamaApp.o
                0x08003a40                hitcon::app::tama::TamaApp::ConcateAnimtaions(unsigned char, ...)
 .text._ZN6hitcon3app4tama7TamaApp19XbUpdateFrameBufferEv
                0x08003b8c      0x234 ./Core/Hitcon/App/TamaApp.o
                0x08003b8c                hitcon::app::tama::TamaApp::XbUpdateFrameBuffer()
 .text._ZN6hitcon3app4tama7TamaApp17UpdateFrameBufferEv
                0x08003dc0      0xa50 ./Core/Hitcon/App/TamaApp.o
                0x08003dc0                hitcon::app::tama::TamaApp::UpdateFrameBuffer()
 .text._ZN6hitcon3app4tama7TamaApp12OnXBoardRecvEPv
                0x08004810       0xc8 ./Core/Hitcon/App/TamaApp.o
                0x08004810                hitcon::app::tama::TamaApp::OnXBoardRecv(void*)
 .text._ZN6hitcon3app4tama7TamaApp13HungerRoutineEPv
                0x080048d8       0x6c ./Core/Hitcon/App/TamaApp.o
                0x080048d8                hitcon::app::tama::TamaApp::HungerRoutine(void*)
 .text._ZN6hitcon3app4tama7TamaApp15HatchingRoutineEPv
                0x08004944       0x9c ./Core/Hitcon/App/TamaApp.o
                0x08004944                hitcon::app::tama::TamaApp::HatchingRoutine(void*)
 .text._ZN6hitcon3app4tama7TamaApp10XbOnButtonENS_8button_tE
                0x080049e0       0xec ./Core/Hitcon/App/TamaApp.o
                0x080049e0                hitcon::app::tama::TamaApp::XbOnButton(hitcon::button_t)
 .text._ZN6hitcon3app4tama7TamaApp8OnButtonENS_8button_tE
                0x08004acc      0x238 ./Core/Hitcon/App/TamaApp.o
                0x08004acc                hitcon::app::tama::TamaApp::OnButton(hitcon::button_t)
 .text._ZN6hitcon3app4tama7TamaApp7OnEntryEv
                0x08004d04      0x108 ./Core/Hitcon/App/TamaApp.o
                0x08004d04                hitcon::app::tama::TamaApp::OnEntry()
 .text._ZN6hitcon3app4tama7TamaApp14LevelUpRoutineEPv
                0x08004e0c       0xb8 ./Core/Hitcon/App/TamaApp.o
                0x08004e0c                hitcon::app::tama::TamaApp::LevelUpRoutine(void*)
 .text._ZN6hitcon3app4tama7TamaApp9XbRoutineEPv
                0x08004ec4      0x2d8 ./Core/Hitcon/App/TamaApp.o
                0x08004ec4                hitcon::app::tama::TamaApp::XbRoutine(void*)
 .text._ZN6hitcon3app4tama7TamaApp15SponsorRegisterEh
                0x0800519c       0x28 ./Core/Hitcon/App/TamaApp.o
                0x0800519c                hitcon::app::tama::TamaApp::SponsorRegister(unsigned char)
 .text._ZN6hitcon3app4tama7TamaApp16TamaDataToBufferEPhRKNS1_14tama_storage_tE
                0x080051c4       0x90 ./Core/Hitcon/App/TamaApp.o
                0x080051c4                hitcon::app::tama::TamaApp::TamaDataToBuffer(unsigned char*, hitcon::app::tama::tama_storage_t const&)
 .text._ZN6hitcon3app4tama7TamaApp12SaveToBufferEPh
                0x08005254       0x90 ./Core/Hitcon/App/TamaApp.o
                0x08005254                hitcon::app::tama::TamaApp::SaveToBuffer(unsigned char*)
 .text._ZN6hitcon3app4tama7TamaApp13ShouldRestoreERKNS1_14tama_storage_tE
                0x080052e4       0x4c ./Core/Hitcon/App/TamaApp.o
                0x080052e4                hitcon::app::tama::TamaApp::ShouldRestore(hitcon::app::tama::tama_storage_t const&)
 .text._ZN6hitcon3app4tama7TamaApp11IsDataValidEv
                0x08005330       0x48 ./Core/Hitcon/App/TamaApp.o
                0x08005330                hitcon::app::tama::TamaApp::IsDataValid()
 .text._ZN6hitcon3app4tama7TamaApp4InitEv
                0x08005378       0xb4 ./Core/Hitcon/App/TamaApp.o
                0x08005378                hitcon::app::tama::TamaApp::Init()
 .text._ZN6hitcon3app4tama7TamaApp22ResetRestorePacketPollEv
                0x0800542c        0x8 ./Core/Hitcon/App/TamaApp.o
                0x0800542c                hitcon::app::tama::TamaApp::ResetRestorePacketPoll()
 .text._ZN6hitcon3app4tama7TamaApp17PollRestorePacketEv
                0x08005434        0x8 ./Core/Hitcon/App/TamaApp.o
                0x08005434                hitcon::app::tama::TamaApp::PollRestorePacket()
 .text._ZN6hitcon3app4tama7TamaApp11TrySendSaveEb
                0x0800543c       0x78 ./Core/Hitcon/App/TamaApp.o
                0x0800543c                hitcon::app::tama::TamaApp::TrySendSave(bool)
 .text._ZN6hitcon3app4tama7TamaApp7RoutineEPv
                0x080054b4      0x288 ./Core/Hitcon/App/TamaApp.o
                0x080054b4                hitcon::app::tama::TamaApp::Routine(void*)
 .text._ZN6hitcon3app4tama7TamaApp15OnRestorePacketEPNS_2ir16RestorePetPacketE
                0x0800573c       0xa4 ./Core/Hitcon/App/TamaApp.o
                0x0800573c                hitcon::app::tama::TamaApp::OnRestorePacket(hitcon::ir::RestorePetPacket*)
 .text._ZN6hitcon3app4tama12TamaQteArrow6RenderEPh
                0x080057e0       0x5c ./Core/Hitcon/App/TamaApp.o
                0x080057e0                hitcon::app::tama::TamaQteArrow::Render(unsigned char*)
 .text._ZN6hitcon3app4tama7TamaQte7RoutineEv
                0x0800583c      0x120 ./Core/Hitcon/App/TamaApp.o
                0x0800583c                hitcon::app::tama::TamaQte::Routine()
 .text.startup._GLOBAL__sub_I__ZN6hitcon3app4tama8tama_appE
                0x0800595c        0xc ./Core/Hitcon/App/TamaApp.o
 .text.exit._GLOBAL__sub_D__ZN6hitcon3app4tama8tama_appE
                0x08005968       0x10 ./Core/Hitcon/App/TamaApp.o
 .text._ZN6hitcon3app6tetris9TetrisApp9StartGameEv
                0x08005978        0x8 ./Core/Hitcon/App/TetrisApp.o
                0x08005978                hitcon::app::tetris::TetrisApp::StartGame()
 .text._ZNK6hitcon3app6tetris9TetrisApp15GetXboardRecvIdEv
                0x08005980        0x4 ./Core/Hitcon/App/TetrisApp.o
                0x08005980                hitcon::app::tetris::TetrisApp::GetGameType() const
                0x08005980                hitcon::app::tetris::TetrisApp::GetXboardRecvId() const
 .text._ZNK6hitcon3app6tetris9TetrisApp8GetScoreEv
                0x08005984        0x4 ./Core/Hitcon/App/TetrisApp.o
                0x08005984                hitcon::app::tetris::TetrisApp::GetScore() const
 .text._ZN6hitcon3app6tetris9TetrisAppD2Ev
                0x08005988       0x18 ./Core/Hitcon/App/TetrisApp.o
                0x08005988                hitcon::app::tetris::TetrisApp::~TetrisApp()
                0x08005988                hitcon::app::tetris::TetrisApp::~TetrisApp()
 .text._ZN6hitcon3app6tetris9TetrisApp9GameEntryEv
                0x080059a0       0x74 ./Core/Hitcon/App/TetrisApp.o
                0x080059a0                hitcon::app::tetris::TetrisApp::GameEntry()
 .text._ZN6hitcon3app6tetrisL21SendAttackEnemyPacketEi
                0x08005a14       0x28 ./Core/Hitcon/App/TetrisApp.o
 .text._ZN6hitcon3app6tetris12_GLOBAL__N_113tetris_randomEv
                0x08005a3c        0xc ./Core/Hitcon/App/TetrisApp.o
 .text._ZN6hitcon3app6tetris9TetrisApp9AbortGameEv
                0x08005a48        0xc ./Core/Hitcon/App/TetrisApp.o
                0x08005a48                hitcon::app::tetris::TetrisApp::AbortGame()
 .text._ZN6hitcon3app6tetris9TetrisApp8GameOverEv
                0x08005a54       0x30 ./Core/Hitcon/App/TetrisApp.o
                0x08005a54                hitcon::app::tetris::TetrisApp::GameOver()
 .text._ZN6hitcon3app6tetris9TetrisApp8GameExitEv
                0x08005a84       0x10 ./Core/Hitcon/App/TetrisApp.o
                0x08005a84                hitcon::app::tetris::TetrisApp::GameExit()
 .text._ZN6hitcon3app6tetris9TetrisApp8OnButtonENS_8button_tE
                0x08005a94       0xac ./Core/Hitcon/App/TetrisApp.o
                0x08005a94                hitcon::app::tetris::TetrisApp::OnButton(hitcon::button_t)
 .text._ZN6hitcon3app6tetris9TetrisAppD0Ev
                0x08005b40       0x20 ./Core/Hitcon/App/TetrisApp.o
                0x08005b40                hitcon::app::tetris::TetrisApp::~TetrisApp()
 .text._ZN6hitcon3app6tetris9TetrisApp16RecvAttackPacketEPNS_7service6xboard17PacketCallbackArgE
                0x08005b60       0x14 ./Core/Hitcon/App/TetrisApp.o
                0x08005b60                hitcon::app::tetris::TetrisApp::RecvAttackPacket(hitcon::service::xboard::PacketCallbackArg*)
 .text._ZN6hitcon3app6tetris9TetrisApp22periodic_task_callbackEPv
                0x08005b74       0x80 ./Core/Hitcon/App/TetrisApp.o
                0x08005b74                hitcon::app::tetris::TetrisApp::periodic_task_callback(void*)
 .text._ZN6hitcon3app6tetris9TetrisAppC2Ev
                0x08005bf4       0x68 ./Core/Hitcon/App/TetrisApp.o
                0x08005bf4                hitcon::app::tetris::TetrisApp::TetrisApp()
                0x08005bf4                hitcon::app::tetris::TetrisApp::TetrisApp()
 .text._ZN6hitcon3app6tetris15SetSingleplayerEv
                0x08005c5c        0xc ./Core/Hitcon/App/TetrisApp.o
                0x08005c5c                hitcon::app::tetris::SetSingleplayer()
 .text._ZN6hitcon3app6tetris14SetMultiplayerEv
                0x08005c68        0xc ./Core/Hitcon/App/TetrisApp.o
                0x08005c68                hitcon::app::tetris::SetMultiplayer()
 .text.startup._GLOBAL__sub_I__ZN6hitcon3app6tetris10tetris_appE
                0x08005c74        0xc ./Core/Hitcon/App/TetrisApp.o
 .text.exit._GLOBAL__sub_D__ZN6hitcon3app6tetris10tetris_appE
                0x08005c80       0x14 ./Core/Hitcon/App/TetrisApp.o
 .text._ZN6hitcon6tetris10TetrisGame15clear_full_lineEv
                0x08005c94       0x68 ./Core/Hitcon/App/TetrisGame.o
                0x08005c94                hitcon::tetris::TetrisGame::clear_full_line()
 .text._ZN6hitcon6tetris10TetrisGame15place_tetrominoEiii
                0x08005cfc       0x98 ./Core/Hitcon/App/TetrisGame.o
                0x08005cfc                hitcon::tetris::TetrisGame::place_tetromino(int, int, int)
 .text._ZN6hitcon6tetris10TetrisGame16rotate_tetrominoEv
                0x08005d94       0x40 ./Core/Hitcon/App/TetrisGame.o
                0x08005d94                hitcon::tetris::TetrisGame::rotate_tetromino()
 .text._ZN6hitcon6tetris10TetrisGame22generate_new_tetrominoEv
                0x08005dd4       0x7c ./Core/Hitcon/App/TetrisGame.o
                0x08005dd4                hitcon::tetris::TetrisGame::generate_new_tetromino()
 .text._ZN6hitcon6tetris10TetrisGameC2EPFjvE
                0x08005e50       0x20 ./Core/Hitcon/App/TetrisGame.o
                0x08005e50                hitcon::tetris::TetrisGame::TetrisGame(unsigned int (*)())
                0x08005e50                hitcon::tetris::TetrisGame::TetrisGame(unsigned int (*)())
 .text._ZN6hitcon6tetris10TetrisGame19fall_down_tetrominoEv
                0x08005e70       0x88 ./Core/Hitcon/App/TetrisGame.o
                0x08005e70                hitcon::tetris::TetrisGame::fall_down_tetromino()
 .text._ZN6hitcon6tetris10TetrisGame13game_on_inputENS0_15TetrisDirectionE
                0x08005ef8      0x1e4 ./Core/Hitcon/App/TetrisGame.o
                0x08005ef8                hitcon::tetris::TetrisGame::game_on_input(hitcon::tetris::TetrisDirection)
 .text._ZN6hitcon6tetris10TetrisGame20game_draw_to_displayEPh
                0x080060dc       0x38 ./Core/Hitcon/App/TetrisGame.o
                0x080060dc                hitcon::tetris::TetrisGame::game_draw_to_display(unsigned char*)
 .text._ZN6hitcon6tetris10TetrisGame17game_enemy_attackEi
                0x08006114       0xc8 ./Core/Hitcon/App/TetrisGame.o
                0x08006114                hitcon::tetris::TetrisGame::game_enemy_attack(int)
 .text._ZN6hitcon6tetris10TetrisGame35game_register_attack_enemy_callbackEPFviE
                0x080061dc        0x4 ./Core/Hitcon/App/TetrisGame.o
                0x080061dc                hitcon::tetris::TetrisGame::game_register_attack_enemy_callback(void (*)(int))
 .text._ZN6hitcon6tetris10TetrisGame26game_fall_down_if_its_timeEii
                0x080061e0       0x38 ./Core/Hitcon/App/TetrisGame.o
                0x080061e0                hitcon::tetris::TetrisGame::game_fall_down_if_its_time(int, int)
 .text._ZN6hitcon3usb10UsbMenuApp12OnButtonModeEv
                0x08006218        0x4 ./Core/Hitcon/App/UsbMenuApp.o
                0x08006218                hitcon::usb::UsbMenuApp::OnButtonMode()
 .text._ZN6hitcon3usb10UsbMenuApp12OnButtonBackEv
                0x0800621c        0x4 ./Core/Hitcon/App/UsbMenuApp.o
                0x0800621c                hitcon::usb::UsbMenuApp::OnButtonBack()
 .text._ZN6hitcon3usb10UsbMenuAppD2Ev
                0x08006220        0x4 ./Core/Hitcon/App/UsbMenuApp.o
                0x08006220                hitcon::usb::UsbMenuApp::~UsbMenuApp()
                0x08006220                hitcon::usb::UsbMenuApp::~UsbMenuApp()
 .text._ZN6hitcon3usb10UsbMenuApp16OnButtonLongBackEv
                0x08006224       0x10 ./Core/Hitcon/App/UsbMenuApp.o
                0x08006224                hitcon::usb::UsbMenuApp::OnButtonLongBack()
 .text._ZN6hitcon3usb10UsbMenuAppD0Ev
                0x08006234       0x10 ./Core/Hitcon/App/UsbMenuApp.o
                0x08006234                hitcon::usb::UsbMenuApp::~UsbMenuApp()
 .text.startup._GLOBAL__sub_I__ZN6hitcon3usb8usb_menuE
                0x08006244       0x20 ./Core/Hitcon/App/UsbMenuApp.o
 .text._Z12TestTaskFuncPvS_
                0x08006264        0x4 ./Core/Hitcon/Hitcon.o
                0x08006264                TestTaskFunc(void*, void*)
 .text._Z13PostSchedInitPvS_
                0x08006268       0x4c ./Core/Hitcon/Hitcon.o
                0x08006268                PostSchedInit(void*, void*)
 .text._Z13TestTask2FuncPvS_
                0x080062b4        0x4 ./Core/Hitcon/Hitcon.o
                0x080062b4                TestTask2Func(void*, void*)
 .text._Z10hitcon_runv
                0x080062b8      0x180 ./Core/Hitcon/Hitcon.o
                0x080062b8                hitcon_run()
 .text.exit._GLOBAL__sub_D__Z12TestTaskFuncPvS_
                0x08006438       0x24 ./Core/Hitcon/Hitcon.o
 .text._ZN6hitcon15BadgeController8OnButtonEPv
                0x0800645c       0xdc ./Core/Hitcon/Logic/BadgeController.o
                0x0800645c                hitcon::BadgeController::OnButton(void*)
 .text._ZN6hitcon15BadgeController12OnEdgeButtonEPv
                0x08006538       0x18 ./Core/Hitcon/Logic/BadgeController.o
                0x08006538                hitcon::BadgeController::OnEdgeButton(void*)
 .text._ZN6hitcon15BadgeController11SetCallbackEPFvPvS1_ES1_S1_
                0x08006550        0x8 ./Core/Hitcon/Logic/BadgeController.o
                0x08006550                hitcon::BadgeController::SetCallback(void (*)(void*, void*), void*, void*)
 .text._ZN6hitcon15BadgeController10change_appEPNS_3AppE
                0x08006558       0x24 ./Core/Hitcon/Logic/BadgeController.o
                0x08006558                hitcon::BadgeController::change_app(hitcon::App*)
 .text._ZN6hitcon15BadgeController12SetStoredAppEPNS_3AppE
                0x0800657c        0x4 ./Core/Hitcon/Logic/BadgeController.o
                0x0800657c                hitcon::BadgeController::SetStoredApp(hitcon::App*)
 .text._ZN6hitcon15BadgeController10RestoreAppEv
                0x08006580       0x24 ./Core/Hitcon/Logic/BadgeController.o
                0x08006580                hitcon::BadgeController::RestoreApp()
 .text.startup._GLOBAL__sub_I__ZN6hitcon16badge_controllerE
                0x080065a4       0x10 ./Core/Hitcon/Logic/BadgeController.o
 .text._ZN6hitcon15BadgeController4InitEv
                0x080065b4       0xa8 ./Core/Hitcon/Logic/BadgeController.o
                0x080065b4                hitcon::BadgeController::Init()
 .text._ZN6hitcon15BadgeController25OnXBoardBasestnDisconnectEPv
                0x0800665c       0x3c ./Core/Hitcon/Logic/BadgeController.o
                0x0800665c                hitcon::BadgeController::OnXBoardBasestnDisconnect(void*)
 .text._ZN6hitcon15BadgeController18OnXBoardDisconnectEPv
                0x08006698       0x3c ./Core/Hitcon/Logic/BadgeController.o
                0x08006698                hitcon::BadgeController::OnXBoardDisconnect(void*)
 .text._ZN6hitcon15BadgeController12OnUsbPlugOutEPv
                0x080066d4       0x3c ./Core/Hitcon/Logic/BadgeController.o
                0x080066d4                hitcon::BadgeController::OnUsbPlugOut(void*)
 .text._ZN6hitcon15BadgeController22OnXBoardBasestnConnectEPv
                0x08006710       0x3c ./Core/Hitcon/Logic/BadgeController.o
                0x08006710                hitcon::BadgeController::OnXBoardBasestnConnect(void*)
 .text._ZN6hitcon15BadgeController11OnUsbPlugInEPv
                0x0800674c       0x24 ./Core/Hitcon/Logic/BadgeController.o
                0x0800674c                hitcon::BadgeController::OnUsbPlugIn(void*)
 .text._ZN6hitcon15BadgeController21OnXBoardLegacyConnectEPv
                0x08006770       0x30 ./Core/Hitcon/Logic/BadgeController.o
                0x08006770                hitcon::BadgeController::OnXBoardLegacyConnect(void*)
 .text._ZN6hitcon15BadgeController15OnXBoardConnectEPv
                0x080067a0       0x3c ./Core/Hitcon/Logic/BadgeController.o
                0x080067a0                hitcon::BadgeController::OnXBoardConnect(void*)
 .text._ZN6hitcon15BadgeController10BackToMenuEPNS_3AppE
                0x080067dc       0xb4 ./Core/Hitcon/Logic/BadgeController.o
                0x080067dc                hitcon::BadgeController::BackToMenu(hitcon::App*)
 .text._ZN6hitcon11ButtonLogicC2Ev
                0x08006890       0x4c ./Core/Hitcon/Logic/ButtonLogic.o
                0x08006890                hitcon::ButtonLogic::ButtonLogic()
                0x08006890                hitcon::ButtonLogic::ButtonLogic()
 .text._ZN6hitcon11ButtonLogic4InitEv
                0x080068dc       0x2c ./Core/Hitcon/Logic/ButtonLogic.o
                0x080068dc                hitcon::ButtonLogic::Init()
 .text._ZN6hitcon11ButtonLogic11SetCallbackEPFvPvS1_ES1_
                0x08006908        0x8 ./Core/Hitcon/Logic/ButtonLogic.o
                0x08006908                hitcon::ButtonLogic::SetCallback(void (*)(void*, void*), void*)
 .text._ZN6hitcon11ButtonLogic15SetEdgeCallbackEPFvPvS1_ES1_
                0x08006910        0x8 ./Core/Hitcon/Logic/ButtonLogic.o
                0x08006910                hitcon::ButtonLogic::SetEdgeCallback(void (*)(void*, void*), void*)
 .text._ZN6hitcon11ButtonLogic15EnsureBtnQueuedEv
                0x08006918       0x40 ./Core/Hitcon/Logic/ButtonLogic.o
                0x08006918                hitcon::ButtonLogic::EnsureBtnQueued()
 .text._ZN6hitcon11ButtonLogic15CallbackWrapperEPv
                0x08006958       0x48 ./Core/Hitcon/Logic/ButtonLogic.o
                0x08006958                hitcon::ButtonLogic::CallbackWrapper(void*)
 .text._ZN6hitcon11ButtonLogic16EnsureEdgeQueuedEv
                0x080069a0       0x40 ./Core/Hitcon/Logic/ButtonLogic.o
                0x080069a0                hitcon::ButtonLogic::EnsureEdgeQueued()
 .text._ZN6hitcon11ButtonLogic19EdgeCallbackWrapperEPv
                0x080069e0       0x44 ./Core/Hitcon/Logic/ButtonLogic.o
                0x080069e0                hitcon::ButtonLogic::EdgeCallbackWrapper(void*)
 .text._ZN6hitcon11ButtonLogic13OnReceiveDataEPh
                0x08006a24      0x184 ./Core/Hitcon/Logic/ButtonLogic.o
                0x08006a24                hitcon::ButtonLogic::OnReceiveData(unsigned char*)
 .text.startup._GLOBAL__sub_I__ZN6hitcon14g_button_logicE
                0x08006ba8        0xc ./Core/Hitcon/Logic/ButtonLogic.o
 .text.exit._GLOBAL__sub_D__ZN6hitcon14g_button_logicE
                0x08006bb4       0x1c ./Core/Hitcon/Logic/ButtonLogic.o
 .text._ZN6hitcon12DisplayLogic14OnRequestFrameEPv
                0x08006bd0       0x3c ./Core/Hitcon/Logic/DisplayLogic.o
                0x08006bd0                hitcon::DisplayLogic::OnRequestFrame(void*)
 .text._ZN6hitcon12DisplayLogic14HandlePopulateEPv
                0x08006c0c       0x2c ./Core/Hitcon/Logic/DisplayLogic.o
                0x08006c0c                hitcon::DisplayLogic::HandlePopulate(void*)
 .text._ZN6hitcon12DisplayLogic4InitEv
                0x08006c38       0x1c ./Core/Hitcon/Logic/DisplayLogic.o
                0x08006c38                hitcon::DisplayLogic::Init()
 .text.startup._GLOBAL__sub_I__ZN6hitcon15g_display_logicE
                0x08006c54       0x28 ./Core/Hitcon/Logic/DisplayLogic.o
 .text.exit._GLOBAL__sub_D__ZN6hitcon15g_display_logicE
                0x08006c7c        0xc ./Core/Hitcon/Logic/DisplayLogic.o
 .text._ZN6hitcon3ecc8internal13ModMulService8finalizeEv
                0x08006c88        0xc ./Core/Hitcon/Logic/EcLogic.o
                0x08006c88                hitcon::ecc::internal::ModMulService::finalize()
 .text._ZN6hitcon3ecc8internal13ModDivService8finalizeEv
                0x08006c94       0x28 ./Core/Hitcon/Logic/EcLogic.o
                0x08006c94                hitcon::ecc::internal::ModDivService::finalize()
 .text._ZN6hitcon3ecc8internal15PointAddService8finalizeEv
                0x08006cbc        0xc ./Core/Hitcon/Logic/EcLogic.o
                0x08006cbc                hitcon::ecc::internal::PointAddService::finalize()
 .text._ZN6hitcon3ecc7EcLogic12finalizeSignEv
                0x08006cc8       0x28 ./Core/Hitcon/Logic/EcLogic.o
                0x08006cc8                hitcon::ecc::EcLogic::finalizeSign()
 .text._ZN6hitcon3ecc7EcLogic14finalizeVerifyEPNS0_8internal7EcPointE
                0x08006cf0       0x34 ./Core/Hitcon/Logic/EcLogic.o
                0x08006cf0                hitcon::ecc::EcLogic::finalizeVerify(hitcon::ecc::internal::EcPoint*)
 .text._ZN6hitcon3ecc8internal13ModDivService11preFinalizeEPy
                0x08006d24       0x24 ./Core/Hitcon/Logic/EcLogic.o
                0x08006d24                hitcon::ecc::internal::ModDivService::preFinalize(unsigned long long*)
 .text._ZN6hitcon3ecc7EcLogic16onSignHashFinishEPNS_4hash10HashResultE
                0x08006d48       0x34 ./Core/Hitcon/Logic/EcLogic.o
                0x08006d48                hitcon::ecc::EcLogic::onSignHashFinish(hitcon::hash::HashResult*)
 .text._ZN6hitcon3ecc8internal13ModMulService11routineFuncEv
                0x08006d7c      0x128 ./Core/Hitcon/Logic/EcLogic.o
                0x08006d7c                hitcon::ecc::internal::ModMulService::routineFunc()
 .text._ZN6hitcon3ecc8internal13ModDivService12onModMulDoneEPy
                0x08006ea4       0x50 ./Core/Hitcon/Logic/EcLogic.o
                0x08006ea4                hitcon::ecc::internal::ModDivService::onModMulDone(unsigned long long*)
 .text._ZN6hitcon3ecc8internal15PointAddService9onDivDoneEPNS1_6ModNumE
                0x08006ef4       0x24 ./Core/Hitcon/Logic/EcLogic.o
                0x08006ef4                hitcon::ecc::internal::PointAddService::onDivDone(hitcon::ecc::internal::ModNum*)
 .text._ZN6hitcon3ecc8internal15PointAddService9genXStep2EPy
                0x08006f18       0x5c ./Core/Hitcon/Logic/EcLogic.o
                0x08006f18                hitcon::ecc::internal::PointAddService::genXStep2(unsigned long long*)
 .text._ZN6hitcon3ecc8internal15PointAddService9genYStep2EPy
                0x08006f74       0x3c ./Core/Hitcon/Logic/EcLogic.o
                0x08006f74                hitcon::ecc::internal::PointAddService::genYStep2(unsigned long long*)
 .text._ZN6hitcon3ecc8internal13ModDivService11routineFuncEv
                0x08006fb0       0xac ./Core/Hitcon/Logic/EcLogic.o
                0x08006fb0                hitcon::ecc::internal::ModDivService::routineFunc()
 .text._ZN6hitcon3ecc8internal15PointAddService9genXStep1Ev
                0x0800705c       0x48 ./Core/Hitcon/Logic/EcLogic.o
                0x0800705c                hitcon::ecc::internal::PointAddService::genXStep1()
 .text._ZN6hitcon3ecc8internal15PointAddService9genYStep1Ev
                0x080070a4       0x70 ./Core/Hitcon/Logic/EcLogic.o
                0x080070a4                hitcon::ecc::internal::PointAddService::genYStep1()
 *fill*         0x08007114        0x4 
 .text._ZN6hitcon3ecc7EcLogic18onVerifyHashFinishEPNS_4hash10HashResultE
                0x08007118       0x7c ./Core/Hitcon/Logic/EcLogic.o
                0x08007118                hitcon::ecc::EcLogic::onVerifyHashFinish(hitcon::hash::HashResult*)
 *fill*         0x08007194        0x4 
 .text._ZN6hitcon3ecc7EcLogic13onU1GeneratedEPNS0_8internal6ModNumE
                0x08007198       0x7c ./Core/Hitcon/Logic/EcLogic.o
                0x08007198                hitcon::ecc::EcLogic::onU1Generated(hitcon::ecc::internal::ModNum*)
 .text._ZN6hitcon3ecc8internal16PointMultService9onAddDoneEPNS1_7EcPointE
                0x08007214       0x3c ./Core/Hitcon/Logic/EcLogic.o
                0x08007214                hitcon::ecc::internal::PointMultService::onAddDone(hitcon::ecc::internal::EcPoint*)
 .text._ZN6hitcon3ecc7EcLogic12onRGeneratedEPNS0_8internal7EcPointE
                0x08007250       0x78 ./Core/Hitcon/Logic/EcLogic.o
                0x08007250                hitcon::ecc::EcLogic::onRGenerated(hitcon::ecc::internal::EcPoint*)
 .text._ZN6hitcon3ecc7EcLogic12onSGeneratedEPNS0_8internal6ModNumE
                0x080072c8       0x34 ./Core/Hitcon/Logic/EcLogic.o
                0x080072c8                hitcon::ecc::EcLogic::onSGenerated(hitcon::ecc::internal::ModNum*)
 .text._ZN6hitcon3ecc7EcLogic12onPubkeyDoneEPNS0_8internal7EcPointE
                0x080072fc       0x40 ./Core/Hitcon/Logic/EcLogic.o
                0x080072fc                hitcon::ecc::EcLogic::onPubkeyDone(hitcon::ecc::internal::EcPoint*)
 .text._ZN6hitcon3ecc8internal15PointAddService11routineFuncEv
                0x0800733c      0x204 ./Core/Hitcon/Logic/EcLogic.o
                0x0800733c                hitcon::ecc::internal::PointAddService::routineFunc()
 .text._ZN6hitcon3ecc7EcLogic4genSEPy
                0x08007540       0xc4 ./Core/Hitcon/Logic/EcLogic.o
                0x08007540                hitcon::ecc::EcLogic::genS(unsigned long long*)
 .text._ZN6hitcon3ecc7EcLogic7genRandEv
                0x08007604       0x94 ./Core/Hitcon/Logic/EcLogic.o
                0x08007604                hitcon::ecc::EcLogic::genRand()
 .text._ZN6hitcon3ecc7EcLogic13onU2GeneratedEPNS0_8internal6ModNumE
                0x08007698       0x94 ./Core/Hitcon/Logic/EcLogic.o
                0x08007698                hitcon::ecc::EcLogic::onU2Generated(hitcon::ecc::internal::ModNum*)
 .text._ZN6hitcon3ecc7EcLogic12onNGeneratedEPNS0_8internal7EcPointE
                0x0800772c       0x78 ./Core/Hitcon/Logic/EcLogic.o
                0x0800772c                hitcon::ecc::EcLogic::onNGenerated(hitcon::ecc::internal::EcPoint*)
 .text._ZN6hitcon3ecc7EcLogic12onMGeneratedEPNS0_8internal7EcPointE
                0x080077a4       0xb4 ./Core/Hitcon/Logic/EcLogic.o
                0x080077a4                hitcon::ecc::EcLogic::onMGenerated(hitcon::ecc::internal::EcPoint*)
 .text._ZN6hitcon3ecc8internal15PointAddService10onLtopDoneEPy
                0x08007858      0x1cc ./Core/Hitcon/Logic/EcLogic.o
                0x08007858                hitcon::ecc::internal::PointAddService::onLtopDone(unsigned long long*)
 .text._ZN6hitcon3ecc8internal15PointAddServiceC2Ev
                0x08007a24       0xc8 ./Core/Hitcon/Logic/EcLogic.o
                0x08007a24                hitcon::ecc::internal::PointAddService::PointAddService()
                0x08007a24                hitcon::ecc::internal::PointAddService::PointAddService()
 .text._ZN6hitcon3ecc8internal15PointAddService5startERKNS1_7EcPointES5_PFvPvS6_ES6_
                0x08007aec       0x78 ./Core/Hitcon/Logic/EcLogic.o
                0x08007aec                hitcon::ecc::internal::PointAddService::start(hitcon::ecc::internal::EcPoint const&, hitcon::ecc::internal::EcPoint const&, void (*)(void*, void*), void*)
 .text._ZN6hitcon3ecc8internal16PointMultService11routineFuncEv
                0x08007b64       0x80 ./Core/Hitcon/Logic/EcLogic.o
                0x08007b64                hitcon::ecc::internal::PointMultService::routineFunc()
 .text._ZN6hitcon3ecc8internal16PointMultContextC2Ev
                0x08007be4       0x40 ./Core/Hitcon/Logic/EcLogic.o
                0x08007be4                hitcon::ecc::internal::PointMultContext::PointMultContext()
                0x08007be4                hitcon::ecc::internal::PointMultContext::PointMultContext()
 .text._ZNK6hitcon3ecc9Signature8toBufferEPh
                0x08007c24       0x20 ./Core/Hitcon/Logic/EcLogic.o
                0x08007c24                hitcon::ecc::Signature::toBuffer(unsigned char*) const
 .text._ZN6hitcon3ecc7EcLogic9StartSignEPKhmPFvPvS4_ES4_
                0x08007c44       0x40 ./Core/Hitcon/Logic/EcLogic.o
                0x08007c44                hitcon::ecc::EcLogic::StartSign(unsigned char const*, unsigned long, void (*)(void*, void*), void*)
 .text._ZN6hitcon3ecc7EcLogic11StartVerifyEPKhmPhPFvPvS5_ES5_
                0x08007c84       0x8c ./Core/Hitcon/Logic/EcLogic.o
                0x08007c84                hitcon::ecc::EcLogic::StartVerify(unsigned char const*, unsigned long, unsigned char*, void (*)(void*, void*), void*)
 .text._ZN6hitcon3ecc7EcLogic12GetPublicKeyEv
                0x08007d10       0x10 ./Core/Hitcon/Logic/EcLogic.o
                0x08007d10                hitcon::ecc::EcLogic::GetPublicKey()
 .text._ZN6hitcon3ecc7EcLogicC2Ev
                0x08007d20       0x9c ./Core/Hitcon/Logic/EcLogic.o
                0x08007d20                hitcon::ecc::EcLogic::EcLogic()
                0x08007d20                hitcon::ecc::EcLogic::EcLogic()
 *fill*         0x08007dbc        0x4 
 .text._ZN6hitcon3ecc7EcLogic13SetPrivateKeyEy
                0x08007dc0       0xa0 ./Core/Hitcon/Logic/EcLogic.o
                0x08007dc0                hitcon::ecc::EcLogic::SetPrivateKey(unsigned long long)
 .text.startup._GLOBAL__sub_I__ZN6hitcon3ecc10g_ec_logicE
                0x08007e60      0x158 ./Core/Hitcon/Logic/EcLogic.o
 .text.exit._GLOBAL__sub_D__ZN6hitcon3ecc10g_ec_logicE
                0x08007fb8       0x70 ./Core/Hitcon/Logic/EcLogic.o
 .text._ZN6hitcon10EntropyHub21AcceptNoiseFromSourceEPv
                0x08008028       0x3c ./Core/Hitcon/Logic/EntropyHub.o
                0x08008028                hitcon::EntropyHub::AcceptNoiseFromSource(void*)
 .text._ZN6hitcon10EntropyHub7RoutineEPv
                0x08008064      0x128 ./Core/Hitcon/Logic/EntropyHub.o
                0x08008064                hitcon::EntropyHub::Routine(void*)
 .text._ZN6hitcon10EntropyHub4InitEv
                0x0800818c       0x30 ./Core/Hitcon/Logic/EntropyHub.o
                0x0800818c                hitcon::EntropyHub::Init()
 .text.startup._GLOBAL__sub_I__ZN6hitcon13g_entropy_hubE
                0x080081bc       0x44 ./Core/Hitcon/Logic/EntropyHub.o
 .text.exit._GLOBAL__sub_D__ZN6hitcon13g_entropy_hubE
                0x08008200        0xc ./Core/Hitcon/Logic/EntropyHub.o
 .text._ZN6hitcon4game14GameController18TrySendPubAnnounceEv
                0x0800820c       0x88 ./Core/Hitcon/Logic/GameController.o
                0x0800820c                hitcon::game::GameController::TrySendPubAnnounce()
 .text._ZN6hitcon4game14GameController4InitEv
                0x08008294       0x40 ./Core/Hitcon/Logic/GameController.o
                0x08008294                hitcon::game::GameController::Init()
 .text._ZN6hitcon4game14GameController20SendTwoBadgeActivityERKNS0_16TwoBadgeActivityE
                0x080082d4       0x60 ./Core/Hitcon/Logic/GameController.o
                0x080082d4                hitcon::game::GameController::SendTwoBadgeActivity(hitcon::game::TwoBadgeActivity const&)
 .text._ZN6hitcon4game14GameController13SendProximityERKNS0_9ProximityE
                0x08008334       0x38 ./Core/Hitcon/Logic/GameController.o
                0x08008334                hitcon::game::GameController::SendProximity(hitcon::game::Proximity const&)
 .text._ZN6hitcon4game14GameController23SendSingleBadgeActivityERKNS0_19SingleBadgeActivityE
                0x0800836c       0x5c ./Core/Hitcon/Logic/GameController.o
                0x0800836c                hitcon::game::GameController::SendSingleBadgeActivity(hitcon::game::SingleBadgeActivity const&)
 .text._ZN6hitcon4game14GameController15NotifyPubkeyAckEv
                0x080083c8       0x30 ./Core/Hitcon/Logic/GameController.o
                0x080083c8                hitcon::game::GameController::NotifyPubkeyAck()
 .text._ZN6hitcon4game14GameController11GetUsernameEv
                0x080083f8       0x14 ./Core/Hitcon/Logic/GameController.o
                0x080083f8                hitcon::game::GameController::GetUsername()
 .text._ZN6hitcon4game14GameController19SetBufferToUsernameEPh
                0x0800840c       0x20 ./Core/Hitcon/Logic/GameController.o
                0x0800840c                hitcon::game::GameController::SetBufferToUsername(unsigned char*)
 .text.startup._GLOBAL__sub_I__ZN6hitcon17g_game_controllerE
                0x0800842c       0x54 ./Core/Hitcon/Logic/GameController.o
 .text.exit._GLOBAL__sub_D__ZN6hitcon17g_game_controllerE
                0x08008480        0xc ./Core/Hitcon/Logic/GameController.o
 .text._ZN6hitcon9GameScore7RoutineEPv
                0x0800848c        0x4 ./Core/Hitcon/Logic/GameScore.o
                0x0800848c                hitcon::GameScore::Routine(void*)
 .text._ZN6hitcon9GameScore4InitEv
                0x08008490       0x34 ./Core/Hitcon/Logic/GameScore.o